Component: Arm Compiler for Embedded 6.18 Tool: armlink [5e4cc100]

==============================================================================

Section Cross References

    startup_stm32h503xx.o(RESET) refers to startup_stm32h503xx.o(STACK) for __initial_sp
    startup_stm32h503xx.o(RESET) refers to startup_stm32h503xx.o(.text) for Reset_Handler
    startup_stm32h503xx.o(RESET) refers to stm32h5xx_it.o(.text.NMI_Handler) for NMI_Handler
    startup_stm32h503xx.o(RESET) refers to stm32h5xx_it.o(.text.HardFault_Handler) for HardFault_Handler
    startup_stm32h503xx.o(RESET) refers to stm32h5xx_it.o(.text.MemManage_Handler) for MemManage_Handler
    startup_stm32h503xx.o(RESET) refers to stm32h5xx_it.o(.text.BusFault_Handler) for BusFault_Handler
    startup_stm32h503xx.o(RESET) refers to stm32h5xx_it.o(.text.UsageFault_Handler) for UsageFault_Handler
    startup_stm32h503xx.o(RESET) refers to stm32h5xx_it.o(.text.SVC_Handler) for SVC_Handler
    startup_stm32h503xx.o(RESET) refers to stm32h5xx_it.o(.text.DebugMon_Handler) for DebugMon_Handler
    startup_stm32h503xx.o(RESET) refers to stm32h5xx_it.o(.text.PendSV_Handler) for PendSV_Handler
    startup_stm32h503xx.o(RESET) refers to stm32h5xx_it.o(.text.SysTick_Handler) for SysTick_Handler
    startup_stm32h503xx.o(.text) refers to system_stm32h5xx.o(.text.SystemInit) for SystemInit
    startup_stm32h503xx.o(.text) refers to entry.o(.ARM.Collect$$$$00000000) for __main
    main.o(.text.fputc) refers to usart.o(.bss.huart1) for huart1
    main.o(.text.fputc) refers to stm32h5xx_hal_uart.o(.text.HAL_UART_Transmit) for HAL_UART_Transmit
    main.o(.ARM.exidx.text.fputc) refers to main.o(.text.fputc) for [Anonymous Symbol]
    main.o(.text.main) refers to stm32h5xx_hal.o(.text.HAL_Init) for HAL_Init
    main.o(.text.main) refers to main.o(.text.SystemClock_Config) for SystemClock_Config
    main.o(.text.main) refers to gpio.o(.text.MX_GPIO_Init) for MX_GPIO_Init
    main.o(.text.main) refers to i2c.o(.text.MX_I2C1_Init) for MX_I2C1_Init
    main.o(.text.main) refers to icache.o(.text.MX_ICACHE_Init) for MX_ICACHE_Init
    main.o(.text.main) refers to usart.o(.text.MX_USART1_UART_Init) for MX_USART1_UART_Init
    main.o(.text.main) refers to stm32h5xx_hal_gpio.o(.text.HAL_GPIO_WritePin) for HAL_GPIO_WritePin
    main.o(.text.main) refers to stm32h5xx_hal.o(.text.HAL_Delay) for HAL_Delay
    main.o(.text.main) refers to main.o(.text.platform_write) for platform_write
    main.o(.text.main) refers to main.o(.text.platform_read) for platform_read
    main.o(.text.main) refers to main.o(.text.platform_delay) for platform_delay
    main.o(.text.main) refers to i2c.o(.bss.hi2c1) for hi2c1
    main.o(.text.main) refers to main.o(.bss.whoamI) for whoamI
    main.o(.text.main) refers to lis2dw12_reg.o(.text.lis2dw12_device_id_get) for lis2dw12_device_id_get
    main.o(.text.main) refers to main.o(.rodata.str1.1) for .L.str
    main.o(.text.main) refers to printfa.o(i.__0printf) for printf
    main.o(.text.main) refers to lis2dw12_reg.o(.text.lis2dw12_reset_set) for lis2dw12_reset_set
    main.o(.text.main) refers to main.o(.bss.rst) for rst
    main.o(.text.main) refers to lis2dw12_reg.o(.text.lis2dw12_reset_get) for lis2dw12_reset_get
    main.o(.text.main) refers to lis2dw12_reg.o(.text.lis2dw12_block_data_update_set) for lis2dw12_block_data_update_set
    main.o(.text.main) refers to lis2dw12_reg.o(.text.lis2dw12_full_scale_set) for lis2dw12_full_scale_set
    main.o(.text.main) refers to lis2dw12_reg.o(.text.lis2dw12_filter_path_set) for lis2dw12_filter_path_set
    main.o(.text.main) refers to lis2dw12_reg.o(.text.lis2dw12_filter_bandwidth_set) for lis2dw12_filter_bandwidth_set
    main.o(.text.main) refers to lis2dw12_reg.o(.text.lis2dw12_power_mode_set) for lis2dw12_power_mode_set
    main.o(.text.main) refers to lis2dw12_reg.o(.text.lis2dw12_wkup_dur_set) for lis2dw12_wkup_dur_set
    main.o(.text.main) refers to lis2dw12_reg.o(.text.lis2dw12_act_sleep_dur_set) for lis2dw12_act_sleep_dur_set
    main.o(.text.main) refers to lis2dw12_reg.o(.text.lis2dw12_wkup_threshold_set) for lis2dw12_wkup_threshold_set
    main.o(.text.main) refers to lis2dw12_reg.o(.text.lis2dw12_wkup_feed_data_set) for lis2dw12_wkup_feed_data_set
    main.o(.text.main) refers to lis2dw12_reg.o(.text.lis2dw12_act_mode_set) for lis2dw12_act_mode_set
    main.o(.text.main) refers to lis2dw12_reg.o(.text.lis2dw12_pin_int1_route_get) for lis2dw12_pin_int1_route_get
    main.o(.text.main) refers to lis2dw12_reg.o(.text.lis2dw12_pin_int1_route_set) for lis2dw12_pin_int1_route_set
    main.o(.text.main) refers to lis2dw12_reg.o(.text.lis2dw12_data_rate_set) for lis2dw12_data_rate_set
    main.o(.text.main) refers to lis2dw12_reg.o(.text.lis2dw12_all_sources_get) for lis2dw12_all_sources_get
    main.o(.ARM.exidx.text.main) refers to main.o(.text.main) for [Anonymous Symbol]
    main.o(.text.SystemClock_Config) refers to memseta.o(.text) for __aeabi_memclr4
[...]
    Removing stm32h5xx_hal.o(.text.HAL_SBS_ConfigDebugLevel), (58 bytes).
    Removing stm32h5xx_hal.o(.ARM.exidx.text.HAL_SBS_ConfigDebugLevel), (8 bytes).
    Removing stm32h5xx_hal.o(.text.HAL_SBS_GetDebugLevel), (16 bytes).
    Removing stm32h5xx_hal.o(.ARM.exidx.text.HAL_SBS_GetDebugLevel), (8 bytes).
    Removing stm32h5xx_hal.o(.text.HAL_SBS_LockDebugConfig), (20 bytes).
    Removing stm32h5xx_hal.o(.ARM.exidx.text.HAL_SBS_LockDebugConfig), (8 bytes).
    Removing stm32h5xx_hal.o(.text.HAL_SBS_Lock), (22 bytes).
    Removing stm32h5xx_hal.o(.ARM.exidx.text.HAL_SBS_Lock), (8 bytes).
    Removing stm32h5xx_hal.o(.text.HAL_SBS_GetLock), (52 bytes).
    Removing stm32h5xx_hal.o(.ARM.exidx.text.HAL_SBS_GetLock), (8 bytes).
    Removing stm32h5xx_hal_exti.o(.text), (0 bytes).
    Removing stm32h5xx_hal_exti.o(.text.HAL_EXTI_SetConfigLine), (416 bytes).
    Removing stm32h5xx_hal_exti.o(.ARM.exidx.text.HAL_EXTI_SetConfigLine), (8 bytes).
    Removing stm32h5xx_hal_exti.o(.text.HAL_EXTI_GetConfigLine), (334 bytes).
    Removing stm32h5xx_hal_exti.o(.ARM.exidx.text.HAL_EXTI_GetConfigLine), (8 bytes).
    Removing stm32h5xx_hal_exti.o(.text.HAL_EXTI_ClearConfigLine), (270 bytes).
    Removing stm32h5xx_hal_exti.o(.ARM.exidx.text.HAL_EXTI_ClearConfigLine), (8 bytes).
    Removing stm32h5xx_hal_exti.o(.text.HAL_EXTI_RegisterCallback), (90 bytes).
    Removing stm32h5xx_hal_exti.o(.ARM.exidx.text.HAL_EXTI_RegisterCallback), (8 bytes).
    Removing stm32h5xx_hal_exti.o(.text.HAL_EXTI_GetHandle), (42 bytes).
    Removing stm32h5xx_hal_exti.o(.ARM.exidx.text.HAL_EXTI_GetHandle), (8 bytes).
    Removing stm32h5xx_hal_exti.o(.text.HAL_EXTI_IRQHandler), (146 bytes).
    Removing stm32h5xx_hal_exti.o(.ARM.exidx.text.HAL_EXTI_IRQHandler), (8 bytes).
    Removing stm32h5xx_hal_exti.o(.text.HAL_EXTI_GetPending), (98 bytes).
    Removing stm32h5xx_hal_exti.o(.ARM.exidx.text.HAL_EXTI_GetPending), (8 bytes).
    Removing stm32h5xx_hal_exti.o(.text.HAL_EXTI_ClearPending), (84 bytes).
    Removing stm32h5xx_hal_exti.o(.ARM.exidx.text.HAL_EXTI_ClearPending), (8 bytes).
    Removing stm32h5xx_hal_exti.o(.text.HAL_EXTI_GenerateSWI), (54 bytes).
    Removing stm32h5xx_hal_exti.o(.ARM.exidx.text.HAL_EXTI_GenerateSWI), (8 bytes).
    Removing stm32h5xx_hal_exti.o(.text.HAL_EXTI_ConfigLineAttributes), (112 bytes).
    Removing stm32h5xx_hal_exti.o(.ARM.exidx.text.HAL_EXTI_ConfigLineAttributes), (8 bytes).
    Removing stm32h5xx_hal_exti.o(.text.HAL_EXTI_GetConfigLineAttributes), (110 bytes).
    Removing stm32h5xx_hal_exti.o(.ARM.exidx.text.HAL_EXTI_GetConfigLineAttributes), (8 bytes).
    Removing stm32h5xx_hal_icache.o(.text), (0 bytes).
    Removing stm32h5xx_hal_icache.o(.ARM.exidx.text.HAL_ICACHE_ConfigAssociativityMode), (8 bytes).
    Removing stm32h5xx_hal_icache.o(.text.HAL_ICACHE_DeInit), (70 bytes).
    Removing stm32h5xx_hal_icache.o(.ARM.exidx.text.HAL_ICACHE_DeInit), (8 bytes).
    Removing stm32h5xx_hal_icache.o(.ARM.exidx.text.HAL_ICACHE_Enable), (8 bytes).
    Removing stm32h5xx_hal_icache.o(.text.HAL_ICACHE_Disable), (112 bytes).
    Removing stm32h5xx_hal_icache.o(.ARM.exidx.text.HAL_ICACHE_Disable), (8 bytes).
    Removing stm32h5xx_hal_icache.o(.text.HAL_ICACHE_IsEnabled), (16 bytes).
    Removing stm32h5xx_hal_icache.o(.ARM.exidx.text.HAL_ICACHE_IsEnabled), (8 bytes).
    Removing stm32h5xx_hal_icache.o(.text.HAL_ICACHE_Invalidate), (54 bytes).
    Removing stm32h5xx_hal_icache.o(.ARM.exidx.text.HAL_ICACHE_Invalidate), (8 bytes).
    Removing stm32h5xx_hal_icache.o(.text.HAL_ICACHE_WaitForInvalidateComplete), (118 bytes).
    Removing stm32h5xx_hal_icache.o(.ARM.exidx.text.HAL_ICACHE_WaitForInvalidateComplete), (8 bytes).
    Removing stm32h5xx_hal_icache.o(.text.HAL_ICACHE_Invalidate_IT), (86 bytes).
    Removing stm32h5xx_hal_icache.o(.ARM.exidx.text.HAL_ICACHE_Invalidate_IT), (8 bytes).
    Removing stm32h5xx_hal_icache.o(.text.HAL_ICACHE_Monitor_Start), (26 bytes).
    Removing stm32h5xx_hal_icache.o(.ARM.exidx.text.HAL_ICACHE_Monitor_Start), (8 bytes).
    Removing stm32h5xx_hal_icache.o(.text.HAL_ICACHE_Monitor_Stop), (26 bytes).
    Removing stm32h5xx_hal_icache.o(.ARM.exidx.text.HAL_ICACHE_Monitor_Stop), (8 bytes).
    Removing stm32h5xx_hal_icache.o(.text.HAL_ICACHE_Monitor_Reset), (38 bytes).
    Removing stm32h5xx_hal_icache.o(.ARM.exidx.text.HAL_ICACHE_Monitor_Reset), (8 bytes).
    Removing stm32h5xx_hal_icache.o(.text.HAL_ICACHE_Monitor_GetHitValue), (12 bytes).
    Removing stm32h5xx_hal_icache.o(.ARM.exidx.text.HAL_ICACHE_Monitor_GetHitValue), (8 bytes).
    Removing stm32h5xx_hal_icache.o(.text.HAL_ICACHE_Monitor_GetMissValue), (12 bytes).
    Removing stm32h5xx_hal_icache.o(.ARM.exidx.text.HAL_ICACHE_Monitor_GetMissValue), (8 bytes).
    Removing stm32h5xx_hal_icache.o(.text.HAL_ICACHE_IRQHandler), (128 bytes).
    Removing stm32h5xx_hal_icache.o(.ARM.exidx.text.HAL_ICACHE_IRQHandler), (8 bytes).
    Removing stm32h5xx_hal_icache.o(.text.HAL_ICACHE_ErrorCallback), (2 bytes).
    Removing stm32h5xx_hal_icache.o(.ARM.exidx.text.HAL_ICACHE_ErrorCallback), (8 bytes).
    Removing stm32h5xx_hal_icache.o(.text.HAL_ICACHE_InvalidateCompleteCallback), (2 bytes).
    Removing stm32h5xx_hal_icache.o(.ARM.exidx.text.HAL_ICACHE_InvalidateCompleteCallback), (8 bytes).
    Removing stm32h5xx_hal_uart.o(.text), (0 bytes).
    Removing stm32h5xx_hal_uart.o(.ARM.exidx.text.HAL_UART_Init), (8 bytes).
    Removing stm32h5xx_hal_uart.o(.text.HAL_UART_MspInit), (8 bytes).
    Removing stm32h5xx_hal_uart.o(.ARM.exidx.text.HAL_UART_MspInit), (8 bytes).
    Removing stm32h5xx_hal_uart.o(.ARM.exidx.text.UART_AdvFeatureConfig), (8 bytes).
    Removing stm32h5xx_hal_uart.o(.ARM.exidx.text.UART_SetConfig), (8 bytes).
    Removing stm32h5xx_hal_uart.o(.ARM.exidx.text.UART_CheckIdleState), (8 bytes).
    Removing stm32h5xx_hal_uart.o(.text.HAL_HalfDuplex_Init), (170 bytes).
    Removing stm32h5xx_hal_uart.o(.ARM.exidx.text.HAL_HalfDuplex_Init), (8 bytes).
    Removing stm32h5xx_hal_uart.o(.text.HAL_LIN_Init), (228 bytes).
    Removing stm32h5xx_hal_uart.o(.ARM.exidx.text.HAL_LIN_Init), (8 bytes).
    Removing stm32h5xx_hal_uart.o(.text.HAL_MultiProcessor_Init), (220 bytes).
    Removing stm32h5xx_hal_uart.o(.ARM.exidx.text.HAL_MultiProcessor_Init), (8 bytes).
    Removing stm32h5xx_hal_uart.o(.text.HAL_UART_DeInit), (124 bytes).
    Removing stm32h5xx_hal_uart.o(.ARM.exidx.text.HAL_UART_DeInit), (8 bytes).
    Removing stm32h5xx_hal_uart.o(.text.HAL_UART_MspDeInit), (8 bytes).
    Removing stm32h5xx_hal_uart.o(.ARM.exidx.text.HAL_UART_MspDeInit), (8 bytes).
    Removing stm32h5xx_hal_uart.o(.ARM.exidx.text.HAL_UART_Transmit), (8 bytes).
    Removing stm32h5xx_hal_uart.o(.ARM.exidx.text.UART_WaitOnFlagUntilTimeout), (8 bytes).
    Removing stm32h5xx_hal_uart.o(.text.HAL_UART_Receive), (466 bytes).
    Removing stm32h5xx_hal_uart.o(.ARM.exidx.text.HAL_UART_Receive), (8 bytes).
    Removing stm32h5xx_hal_uart.o(.text.HAL_UART_Transmit_IT), (332 bytes).
    Removing stm32h5xx_hal_uart.o(.ARM.exidx.text.HAL_UART_Transmit_IT), (8 bytes).
    Removing stm32h5xx_hal_uart.o(.text.UART_TxISR_16BIT_FIFOEN), (206 bytes).
    Removing stm32h5xx_hal_uart.o(.ARM.exidx.text.UART_TxISR_16BIT_FIFOEN), (8 bytes).
    Removing stm32h5xx_hal_uart.o(.text.UART_TxISR_8BIT_FIFOEN), (196 bytes).
    Removing stm32h5xx_hal_uart.o(.ARM.exidx.text.UART_TxISR_8BIT_FIFOEN), (8 bytes).
    Removing stm32h5xx_hal_uart.o(.text.UART_TxISR_16BIT), (152 bytes).
    Removing stm32h5xx_hal_uart.o(.ARM.exidx.text.UART_TxISR_16BIT), (8 bytes).
    Removing stm32h5xx_hal_uart.o(.text.UART_TxISR_8BIT), (142 bytes).
    Removing stm32h5xx_hal_uart.o(.ARM.exidx.text.UART_TxISR_8BIT), (8 bytes).
    Removing stm32h5xx_hal_uart.o(.text.HAL_UART_Receive_IT), (188 bytes).
    Removing stm32h5xx_hal_uart.o(.ARM.exidx.text.HAL_UART_Receive_IT), (8 bytes).
    Removing stm32h5xx_hal_uart.o(.text.UART_Start_Receive_IT), (546 bytes).
    Removing stm32h5xx_hal_uart.o(.ARM.exidx.text.UART_Start_Receive_IT), (8 bytes).
    Removing stm32h5xx_hal_uart.o(.text.HAL_UART_Transmit_DMA), (420 bytes).
    Removing stm32h5xx_hal_uart.o(.ARM.exidx.text.HAL_UART_Transmit_DMA), (8 bytes).
    Removing stm32h5xx_hal_uart.o(.text.UART_DMATransmitCplt), (82 bytes).
    Removing stm32h5xx_hal_uart.o(.ARM.exidx.text.UART_DMATransmitCplt), (8 bytes).
    Removing stm32h5xx_hal_uart.o(.text.UART_DMATxHalfCplt), (22 bytes).
    Removing stm32h5xx_hal_uart.o(.ARM.exidx.text.UART_DMATxHalfCplt), (8 bytes).
    Removing stm32h5xx_hal_uart.o(.text.UART_DMAError), (128 bytes).
    Removing stm32h5xx_hal_uart.o(.ARM.exidx.text.UART_DMAError), (8 bytes).
    Removing stm32h5xx_hal_uart.o(.text.HAL_UART_Receive_DMA), (160 bytes).
    Removing stm32h5xx_hal_uart.o(.ARM.exidx.text.HAL_UART_Receive_DMA), (8 bytes).
    Removing stm32h5xx_hal_uart.o(.text.UART_Start_Receive_DMA), (472 bytes).
    Removing stm32h5xx_hal_uart.o(.ARM.exidx.text.UART_Start_Receive_DMA), (8 bytes).
    Removing stm32h5xx_hal_uart.o(.text.HAL_UART_DMAPause), (296 bytes).
    Removing stm32h5xx_hal_uart.o(.ARM.exidx.text.HAL_UART_DMAPause), (8 bytes).
    Removing stm32h5xx_hal_uart.o(.text.HAL_UART_DMAResume), (224 bytes).
    Removing stm32h5xx_hal_uart.o(.ARM.exidx.text.HAL_UART_DMAResume), (8 bytes).
    Removing stm32h5xx_hal_uart.o(.text.HAL_UART_DMAStop), (288 bytes).
    Removing stm32h5xx_hal_uart.o(.ARM.exidx.text.HAL_UART_DMAStop), (8 bytes).
    Removing stm32h5xx_hal_uart.o(.text.UART_EndTxTransfer), (92 bytes).
    Removing stm32h5xx_hal_uart.o(.ARM.exidx.text.UART_EndTxTransfer), (8 bytes).
    Removing stm32h5xx_hal_uart.o(.ARM.exidx.text.UART_EndRxTransfer), (8 bytes).
    Removing stm32h5xx_hal_uart.o(.text.HAL_UART_Abort), (402 bytes).
    Removing stm32h5xx_hal_uart.o(.ARM.exidx.text.HAL_UART_Abort), (8 bytes).
    Removing stm32h5xx_hal_uart.o(.text.HAL_UART_AbortTransmit), (218 bytes).
    Removing stm32h5xx_hal_uart.o(.ARM.exidx.text.HAL_UART_AbortTransmit), (8 bytes).
    Removing stm32h5xx_hal_uart.o(.text.HAL_UART_AbortReceive), (278 bytes).
    Removing stm32h5xx_hal_uart.o(.ARM.exidx.text.HAL_UART_AbortReceive), (8 bytes).
    Removing stm32h5xx_hal_uart.o(.text.HAL_UART_Abort_IT), (482 bytes).
    Removing stm32h5xx_hal_uart.o(.ARM.exidx.text.HAL_UART_Abort_IT), (8 bytes).
    Removing stm32h5xx_hal_uart.o(.text.UART_DMATxAbortCallback), (132 bytes).
    Removing stm32h5xx_hal_uart.o(.ARM.exidx.text.UART_DMATxAbortCallback), (8 bytes).
    Removing stm32h5xx_hal_uart.o(.text.UART_DMARxAbortCallback), (114 bytes).
    Removing stm32h5xx_hal_uart.o(.ARM.exidx.text.UART_DMARxAbortCallback), (8 bytes).
    Removing stm32h5xx_hal_uart.o(.text.HAL_UART_AbortCpltCallback), (8 bytes).
    Removing stm32h5xx_hal_uart.o(.ARM.exidx.text.HAL_UART_AbortCpltCallback), (8 bytes).
    Removing stm32h5xx_hal_uart.o(.text.HAL_UART_AbortTransmit_IT), (232 bytes).
    Removing stm32h5xx_hal_uart.o(.ARM.exidx.text.HAL_UART_AbortTransmit_IT), (8 bytes).
    Removing stm32h5xx_hal_uart.o(.text.UART_DMATxOnlyAbortCallback), (64 bytes).
    Removing stm32h5xx_hal_uart.o(.ARM.exidx.text.UART_DMATxOnlyAbortCallback), (8 bytes).
    Removing stm32h5xx_hal_uart.o(.text.HAL_UART_AbortTransmitCpltCallback), (8 bytes).
    Removing stm32h5xx_hal_uart.o(.ARM.exidx.text.HAL_UART_AbortTransmitCpltCallback), (8 bytes).
    Removing stm32h5xx_hal_uart.o(.text.HAL_UART_AbortReceive_IT), (306 bytes).
    Removing stm32h5xx_hal_uart.o(.ARM.exidx.text.HAL_UART_AbortReceive_IT), (8 bytes).
    Removing stm32h5xx_hal_uart.o(.text.UART_DMARxOnlyAbortCallback), (62 bytes).
    Removing stm32h5xx_hal_uart.o(.ARM.exidx.text.UART_DMARxOnlyAbortCallback), (8 bytes).
    Removing stm32h5xx_hal_uart.o(.text.HAL_UART_AbortReceiveCpltCallback), (8 bytes).
    Removing stm32h5xx_hal_uart.o(.ARM.exidx.text.HAL_UART_AbortReceiveCpltCallback), (8 bytes).
    Removing stm32h5xx_hal_uart.o(.text.HAL_UART_IRQHandler), (1346 bytes).
    Removing stm32h5xx_hal_uart.o(.ARM.exidx.text.HAL_UART_IRQHandler), (8 bytes).
    Removing stm32h5xx_hal_uart.o(.text.UART_DMAAbortOnError), (30 bytes).
    Removing stm32h5xx_hal_uart.o(.ARM.exidx.text.UART_DMAAbortOnError), (8 bytes).
    Removing stm32h5xx_hal_uart.o(.text.HAL_UART_ErrorCallback), (8 bytes).
    Removing stm32h5xx_hal_uart.o(.ARM.exidx.text.HAL_UART_ErrorCallback), (8 bytes).
    Removing stm32h5xx_hal_uart.o(.text.HAL_UARTEx_RxEventCallback), (12 bytes).
    Removing stm32h5xx_hal_uart.o(.ARM.exidx.text.HAL_UARTEx_RxEventCallback), (8 bytes).
    Removing stm32h5xx_hal_uart.o(.text.UART_EndTransmit_IT), (68 bytes).
    Removing stm32h5xx_hal_uart.o(.ARM.exidx.text.UART_EndTransmit_IT), (8 bytes).
    Removing stm32h5xx_hal_uart.o(.text.HAL_UART_TxCpltCallback), (8 bytes).
    Removing stm32h5xx_hal_uart.o(.ARM.exidx.text.HAL_UART_TxCpltCallback), (8 bytes).
    Removing stm32h5xx_hal_uart.o(.text.HAL_UART_TxHalfCpltCallback), (8 bytes).
    Removing stm32h5xx_hal_uart.o(.ARM.exidx.text.HAL_UART_TxHalfCpltCallback), (8 bytes).
    Removing stm32h5xx_hal_uart.o(.text.HAL_UART_RxCpltCallback), (8 bytes).
    Removing stm32h5xx_hal_uart.o(.ARM.exidx.text.HAL_UART_RxCpltCallback), (8 bytes).
    Removing stm32h5xx_hal_uart.o(.text.HAL_UART_RxHalfCpltCallback), (8 bytes).
    Removing stm32h5xx_hal_uart.o(.ARM.exidx.text.HAL_UART_RxHalfCpltCallback), (8 bytes).
    Removing stm32h5xx_hal_uart.o(.text.HAL_UART_ReceiverTimeout_Config), (50 bytes).
    Removing stm32h5xx_hal_uart.o(.ARM.exidx.text.HAL_UART_ReceiverTimeout_Config), (8 bytes).
    Removing stm32h5xx_hal_uart.o(.text.HAL_UART_EnableReceiverTimeout), (140 bytes).
    Removing stm32h5xx_hal_uart.o(.ARM.exidx.text.HAL_UART_EnableReceiverTimeout), (8 bytes).
    Removing stm32h5xx_hal_uart.o(.text.HAL_UART_DisableReceiverTimeout), (140 bytes).
    Removing stm32h5xx_hal_uart.o(.ARM.exidx.text.HAL_UART_DisableReceiverTimeout), (8 bytes).
    Removing stm32h5xx_hal_uart.o(.text.HAL_MultiProcessor_EnableMuteMode), (114 bytes).
    Removing stm32h5xx_hal_uart.o(.ARM.exidx.text.HAL_MultiProcessor_EnableMuteMode), (8 bytes).
    Removing stm32h5xx_hal_uart.o(.text.HAL_MultiProcessor_DisableMuteMode), (114 bytes).
    Removing stm32h5xx_hal_uart.o(.ARM.exidx.text.HAL_MultiProcessor_DisableMuteMode), (8 bytes).
    Removing stm32h5xx_hal_uart.o(.text.HAL_MultiProcessor_EnterMuteMode), (20 bytes).
    Removing stm32h5xx_hal_uart.o(.ARM.exidx.text.HAL_MultiProcessor_EnterMuteMode), (8 bytes).
    Removing stm32h5xx_hal_uart.o(.text.HAL_HalfDuplex_EnableTransmitter), (158 bytes).
    Removing stm32h5xx_hal_uart.o(.ARM.exidx.text.HAL_HalfDuplex_EnableTransmitter), (8 bytes).
    Removing stm32h5xx_hal_uart.o(.text.HAL_HalfDuplex_EnableReceiver), (158 bytes).
    Removing stm32h5xx_hal_uart.o(.ARM.exidx.text.HAL_HalfDuplex_EnableReceiver), (8 bytes).
    Removing stm32h5xx_hal_uart.o(.text.HAL_LIN_SendBreak), (94 bytes).
    Removing stm32h5xx_hal_uart.o(.ARM.exidx.text.HAL_LIN_SendBreak), (8 bytes).
    Removing stm32h5xx_hal_uart.o(.text.HAL_UART_GetState), (30 bytes).
    Removing stm32h5xx_hal_uart.o(.ARM.exidx.text.HAL_UART_GetState), (8 bytes).
    Removing stm32h5xx_hal_uart.o(.text.HAL_UART_GetError), (14 bytes).
    Removing stm32h5xx_hal_uart.o(.ARM.exidx.text.HAL_UART_GetError), (8 bytes).
    Removing stm32h5xx_hal_uart.o(.text.UART_RxISR_16BIT_FIFOEN), (776 bytes).
    Removing stm32h5xx_hal_uart.o(.ARM.exidx.text.UART_RxISR_16BIT_FIFOEN), (8 bytes).
    Removing stm32h5xx_hal_uart.o(.text.UART_RxISR_8BIT_FIFOEN), (772 bytes).
    Removing stm32h5xx_hal_uart.o(.ARM.exidx.text.UART_RxISR_8BIT_FIFOEN), (8 bytes).
    Removing stm32h5xx_hal_uart.o(.text.UART_RxISR_16BIT), (388 bytes).
    Removing stm32h5xx_hal_uart.o(.ARM.exidx.text.UART_RxISR_16BIT), (8 bytes).
    Removing stm32h5xx_hal_uart.o(.text.UART_RxISR_8BIT), (384 bytes).
    Removing stm32h5xx_hal_uart.o(.ARM.exidx.text.UART_RxISR_8BIT), (8 bytes).
    Removing stm32h5xx_hal_uart.o(.text.UART_DMAReceiveCplt), (260 bytes).
    Removing stm32h5xx_hal_uart.o(.ARM.exidx.text.UART_DMAReceiveCplt), (8 bytes).
    Removing stm32h5xx_hal_uart.o(.text.UART_DMARxHalfCplt), (110 bytes).
    Removing stm32h5xx_hal_uart.o(.ARM.exidx.text.UART_DMARxHalfCplt), (8 bytes).
    Removing stm32h5xx_hal_uart_ex.o(.text), (0 bytes).
    Removing stm32h5xx_hal_uart_ex.o(.text.HAL_RS485Ex_Init), (208 bytes).
    Removing stm32h5xx_hal_uart_ex.o(.ARM.exidx.text.HAL_RS485Ex_Init), (8 bytes).
    Removing stm32h5xx_hal_uart_ex.o(.text.HAL_UARTEx_WakeupCallback), (8 bytes).
    Removing stm32h5xx_hal_uart_ex.o(.ARM.exidx.text.HAL_UARTEx_WakeupCallback), (8 bytes).
    Removing stm32h5xx_hal_uart_ex.o(.text.HAL_UARTEx_RxFifoFullCallback), (8 bytes).
    Removing stm32h5xx_hal_uart_ex.o(.ARM.exidx.text.HAL_UARTEx_RxFifoFullCallback), (8 bytes).
    Removing stm32h5xx_hal_uart_ex.o(.text.HAL_UARTEx_TxFifoEmptyCallback), (8 bytes).
    Removing stm32h5xx_hal_uart_ex.o(.ARM.exidx.text.HAL_UARTEx_TxFifoEmptyCallback), (8 bytes).
    Removing stm32h5xx_hal_uart_ex.o(.text.HAL_MultiProcessorEx_AddressLength_Set), (94 bytes).
    Removing stm32h5xx_hal_uart_ex.o(.ARM.exidx.text.HAL_MultiProcessorEx_AddressLength_Set), (8 bytes).
    Removing stm32h5xx_hal_uart_ex.o(.text.HAL_UARTEx_StopModeWakeUpSourceConfig), (200 bytes).
    Removing stm32h5xx_hal_uart_ex.o(.ARM.exidx.text.HAL_UARTEx_StopModeWakeUpSourceConfig), (8 bytes).
    Removing stm32h5xx_hal_uart_ex.o(.text.UARTEx_Wakeup_AddressConfig), (58 bytes).
    Removing stm32h5xx_hal_uart_ex.o(.ARM.exidx.text.UARTEx_Wakeup_AddressConfig), (8 bytes).
    Removing stm32h5xx_hal_uart_ex.o(.text.HAL_UARTEx_EnableStopMode), (104 bytes).
    Removing stm32h5xx_hal_uart_ex.o(.ARM.exidx.text.HAL_UARTEx_EnableStopMode), (8 bytes).
    Removing stm32h5xx_hal_uart_ex.o(.text.HAL_UARTEx_DisableStopMode), (104 bytes).
    Removing stm32h5xx_hal_uart_ex.o(.ARM.exidx.text.HAL_UARTEx_DisableStopMode), (8 bytes).
    Removing stm32h5xx_hal_uart_ex.o(.text.HAL_UARTEx_EnableFifoMode), (134 bytes).
    Removing stm32h5xx_hal_uart_ex.o(.ARM.exidx.text.HAL_UARTEx_EnableFifoMode), (8 bytes).
    Removing stm32h5xx_hal_uart_ex.o(.ARM.exidx.text.UARTEx_SetNbDataToProcess), (8 bytes).
    Removing stm32h5xx_hal_uart_ex.o(.ARM.exidx.text.HAL_UARTEx_DisableFifoMode), (8 bytes).
    Removing stm32h5xx_hal_uart_ex.o(.ARM.exidx.text.HAL_UARTEx_SetTxFifoThreshold), (8 bytes).
    Removing stm32h5xx_hal_uart_ex.o(.ARM.exidx.text.HAL_UARTEx_SetRxFifoThreshold), (8 bytes).
    Removing stm32h5xx_hal_uart_ex.o(.text.HAL_UARTEx_ReceiveToIdle), (588 bytes).
    Removing stm32h5xx_hal_uart_ex.o(.ARM.exidx.text.HAL_UARTEx_ReceiveToIdle), (8 bytes).
    Removing stm32h5xx_hal_uart_ex.o(.text.HAL_UARTEx_ReceiveToIdle_IT), (196 bytes).
    Removing stm32h5xx_hal_uart_ex.o(.ARM.exidx.text.HAL_UARTEx_ReceiveToIdle_IT), (8 bytes).
    Removing stm32h5xx_hal_uart_ex.o(.text.HAL_UARTEx_ReceiveToIdle_DMA), (176 bytes).
    Removing stm32h5xx_hal_uart_ex.o(.ARM.exidx.text.HAL_UARTEx_ReceiveToIdle_DMA), (8 bytes).
    Removing stm32h5xx_hal_uart_ex.o(.text.HAL_UARTEx_GetRxEventType), (12 bytes).
    Removing stm32h5xx_hal_uart_ex.o(.ARM.exidx.text.HAL_UARTEx_GetRxEventType), (8 bytes).
    Removing system_stm32h5xx.o(.text), (0 bytes).
    Removing system_stm32h5xx.o(.ARM.exidx.text.SystemInit), (8 bytes).
    Removing system_stm32h5xx.o(.text.SystemCoreClockUpdate), (632 bytes).
    Removing system_stm32h5xx.o(.ARM.exidx.text.SystemCoreClockUpdate), (8 bytes).

1227 unused section(s) (total 90444 bytes) removed from the image.

==============================================================================

Image Symbol Table

    Local Symbols

    Symbol Name                              Value     Ov Type        Size  Object(Section)

    ../clib/division.s                       0x00000000   Number         0  aeabi_sdiv.o ABSOLUTE
    ../clib/microlib/division.c              0x00000000   Number         0  uldiv.o ABSOLUTE
    ../clib/microlib/division.c              0x00000000   Number         0  uidiv.o ABSOLUTE
    ../clib/microlib/init/entry.s            0x00000000   Number         0  entry.o ABSOLUTE
    ../clib/microlib/init/entry.s            0x00000000   Number         0  entry2.o ABSOLUTE
    ../clib/microlib/init/entry.s            0x00000000   Number         0  entry5.o ABSOLUTE
    ../clib/microlib/init/entry.s            0x00000000   Number         0  entry7a.o ABSOLUTE
    ../clib/microlib/init/entry.s            0x00000000   Number         0  entry7b.o ABSOLUTE
    ../clib/microlib/init/entry.s            0x00000000   Number         0  entry8a.o ABSOLUTE
    ../clib/microlib/init/entry.s            0x00000000   Number         0  entry8b.o ABSOLUTE
    ../clib/microlib/init/entry.s            0x00000000   Number         0  entry9a.o ABSOLUTE
    ../clib/microlib/init/entry.s            0x00000000   Number         0  entry9b.o ABSOLUTE
    ../clib/microlib/init/entry.s            0x00000000   Number         0  entry10a.o ABSOLUTE
    ../clib/microlib/init/entry.s            0x00000000   Number         0  entry10b.o ABSOLUTE
    ../clib/microlib/init/entry.s            0x00000000   Number         0  entry11a.o ABSOLUTE
    ../clib/microlib/init/entry.s            0x00000000   Number         0  entry11b.o ABSOLUTE
    ../clib/microlib/longlong.c              0x00000000   Number         0  llshl.o ABSOLUTE
    ../clib/microlib/longlong.c              0x00000000   Number         0  llushr.o ABSOLUTE
    ../clib/microlib/longlong.c              0x00000000   Number         0  llsshr.o ABSOLUTE
    ../clib/microlib/printf/printf.c         0x00000000   Number         0  printfa.o ABSOLUTE
    ../clib/microlib/stdio/streams.c         0x00000000   Number         0  stdout.o ABSOLUTE
    ../clib/microlib/string/memset.c         0x00000000   Number         0  memseta.o ABSOLUTE
    ../clib/microlib/stubs.s                 0x00000000   Number         0  iusefp.o ABSOLUTE
    ../fplib/microlib/fpadd.c                0x00000000   Number         0  dadd.o ABSOLUTE
    ../fplib/microlib/fpdiv.c                0x00000000   Number         0  ddiv.o ABSOLUTE
    ../fplib/microlib/fpepilogue.c           0x00000000   Number         0  depilogue.o ABSOLUTE
    ../fplib/microlib/fpfix.c                0x00000000   Number         0  dfixul.o ABSOLUTE
    ../fplib/microlib/fpmul.c                0x00000000   Number         0  dmul.o ABSOLUTE
    cdrcmple.s                               0x00000000   Number         0  cdrcmple.o ABSOLUTE
    dc.s                                     0x00000000   Number         0  dc.o ABSOLUTE
    gpio.c                                   0x00000000   Number         0  gpio.o ABSOLUTE
    handlers.s                               0x00000000   Number         0  handlers.o ABSOLUTE
    i2c.c                                    0x00000000   Number         0  i2c.o ABSOLUTE
    icache.c                                 0x00000000   Number         0  icache.o ABSOLUTE
    init.s                                   0x00000000   Number         0  init.o ABSOLUTE
    lis2dw12_reg.c                           0x00000000   Number         0  lis2dw12_reg.o ABSOLUTE
    main.c                                   0x00000000   Number         0  main.o ABSOLUTE
    startup_stm32h503xx.s                    0x00000000   Number         0  startup_stm32h503xx.o ABSOLUTE
    stm32h5xx_hal.c                          0x00000000   Number         0  stm32h5xx_hal.o ABSOLUTE
    stm32h5xx_hal_cortex.c                   0x00000000   Number         0  stm32h5xx_hal_cortex.o ABSOLUTE
    stm32h5xx_hal_dma.c                      0x00000000   Number         0  stm32h5xx_hal_dma.o ABSOLUTE
    stm32h5xx_hal_dma_ex.c                   0x00000000   Number         0  stm32h5xx_hal_dma_ex.o ABSOLUTE
    stm32h5xx_hal_exti.c                     0x00000000   Number         0  stm32h5xx_hal_exti.o ABSOLUTE
    stm32h5xx_hal_flash.c                    0x00000000   Number         0  stm32h5xx_hal_flash.o ABSOLUTE
    stm32h5xx_hal_flash_ex.c                 0x00000000   Number         0  stm32h5xx_hal_flash_ex.o ABSOLUTE
    stm32h5xx_hal_gpio.c                     0x00000000   Number         0  stm32h5xx_hal_gpio.o ABSOLUTE
    stm32h5xx_hal_i2c.c                      0x00000000   Number         0  stm32h5xx_hal_i2c.o ABSOLUTE
    stm32h5xx_hal_i2c_ex.c                   0x00000000   Number         0  stm32h5xx_hal_i2c_ex.o ABSOLUTE
    stm32h5xx_hal_icache.c                   0x00000000   Number         0  stm32h5xx_hal_icache.o ABSOLUTE
    stm32h5xx_hal_msp.c                      0x00000000   Number         0  stm32h5xx_hal_msp.o ABSOLUTE
    stm32h5xx_hal_pwr.c                      0x00000000   Number         0  stm32h5xx_hal_pwr.o ABSOLUTE
    stm32h5xx_hal_pwr_ex.c                   0x00000000   Number         0  stm32h5xx_hal_pwr_ex.o ABSOLUTE
    stm32h5xx_hal_rcc.c                      0x00000000   Number         0  stm32h5xx_hal_rcc.o ABSOLUTE
    stm32h5xx_hal_rcc_ex.c                   0x00000000   Number         0  stm32h5xx_hal_rcc_ex.o ABSOLUTE
    stm32h5xx_hal_uart.c                     0x00000000   Number         0  stm32h5xx_hal_uart.o ABSOLUTE
    stm32h5xx_hal_uart_ex.c                  0x00000000   Number         0  stm32h5xx_hal_uart_ex.o ABSOLUTE
    stm32h5xx_it.c                           0x00000000   Number         0  stm32h5xx_it.o ABSOLUTE
    system_stm32h5xx.c                       0x00000000   Number         0  system_stm32h5xx.o ABSOLUTE
    usart.c                                  0x00000000   Number         0  usart.o ABSOLUTE
    RESET                                    0x08000000   Section      600  startup_stm32h503xx.o(RESET)
    .ARM.Collect$$$$00000000                 0x08000258   Section        0  entry.o(.ARM.Collect$$$$00000000)
    .ARM.Collect$$$$00000001                 0x08000258   Section        4  entry2.o(.ARM.Collect$$$$00000001)
    .ARM.Collect$$$$00000004                 0x0800025c   Section        4  entry5.o(.ARM.Collect$$$$00000004)
    .ARM.Collect$$$$00000008                 0x08000260   Section        0  entry7b.o(.ARM.Collect$$$$00000008)
    .ARM.Collect$$$$0000000A                 0x08000260   Section        0  entry8b.o(.ARM.Collect$$$$0000000A)
    .ARM.Collect$$$$0000000B                 0x08000260   Section        8  entry9a.o(.ARM.Collect$$$$0000000B)
    __lit__00000000                          0x08000268   Data           4  entry2.o(.ARM.Collect$$$$00002712)
    .ARM.Collect$$$$0000000D                 0x08000268   Section        0  entry10a.o(.ARM.Collect$$$$0000000D)
    .ARM.Collect$$$$0000000F                 0x08000268   Section        0  entry11a.o(.ARM.Collect$$$$0000000F)
    .ARM.Collect$$$$00002712                 0x08000268   Section        4  entry2.o(.ARM.Collect$$$$00002712)
    $v0                                      0x0800026c   Number         0  startup_stm32h503xx.o(.text)
    .text                                    0x0800026c   Section       40  startup_stm32h503xx.o(.text)
    .text                                    0x08000294   Section        0  uldiv.o(.text)
    .text                                    0x080002f6   Section        0  memseta.o(.text)
    .text                                    0x0800031a   Section        0  uidiv.o(.text)
    .text                                    0x08000346   Section        0  llshl.o(.text)
    .text                                    0x08000364   Section        0  llushr.o(.text)
    .text                                    0x08000384   Section        0  iusefp.o(.text)
    .text                                    0x08000384   Section        0  dadd.o(.text)
    .text                                    0x080004d2   Section        0  dmul.o(.text)
    .text                                    0x080005b6   Section        0  ddiv.o(.text)
    .text                                    0x08000694   Section        0  dfixul.o(.text)
    .text                                    0x080006c4   Section       48  cdrcmple.o(.text)
    .text                                    0x080006f4   Section       36  init.o(.text)
    .text                                    0x08000718   Section        0  llsshr.o(.text)
    .text                                    0x0800073c   Section        0  depilogue.o(.text)
    [Anonymous Symbol]                       0x080007f8   Section        0  stm32h5xx_it.o(.text.BusFault_Handler)
    [Anonymous Symbol]                       0x080007fc   Section        0  stm32h5xx_it.o(.text.DebugMon_Handler)
    [Anonymous Symbol]                       0x08000800   Section        0  main.o(.text.Error_Handler)
    [Anonymous Symbol]                       0x08000808   Section        0  stm32h5xx_hal.o(.text.HAL_Delay)
    [Anonymous Symbol]                       0x0800084c   Section        0  stm32h5xx_hal_gpio.o(.text.HAL_GPIO_Init)
    [Anonymous Symbol]                       0x08000b38   Section        0  stm32h5xx_hal_gpio.o(.text.HAL_GPIO_WritePin)
    [Anonymous Symbol]                       0x08000b64   Section        0  stm32h5xx_hal.o(.text.HAL_GetTick)
    [Anonymous Symbol]                       0x08000b70   Section        0  stm32h5xx_hal_i2c_ex.o(.text.HAL_I2CEx_ConfigAnalogFilter)
    [Anonymous Symbol]                       0x08000c08   Section        0  stm32h5xx_hal_i2c_ex.o(.text.HAL_I2CEx_ConfigDigitalFilter)
    [Anonymous Symbol]                       0x08000cac   Section        0  stm32h5xx_hal_i2c.o(.text.HAL_I2C_Init)
    [Anonymous Symbol]                       0x08000dc0   Section        0  stm32h5xx_hal_i2c.o(.text.HAL_I2C_Mem_Read)
    [Anonymous Symbol]                       0x0800104c   Section        0  stm32h5xx_hal_i2c.o(.text.HAL_I2C_Mem_Write)
    [Anonymous Symbol]                       0x080012c0   Section        0  i2c.o(.text.HAL_I2C_MspInit)
    [Anonymous Symbol]                       0x0800136c   Section        0  stm32h5xx_hal_icache.o(.text.HAL_ICACHE_ConfigAssociativityMode)
    [Anonymous Symbol]                       0x080013ac   Section        0  stm32h5xx_hal_icache.o(.text.HAL_ICACHE_Enable)
    [Anonymous Symbol]                       0x080013c0   Section        0  stm32h5xx_hal.o(.text.HAL_IncTick)
    [Anonymous Symbol]                       0x080013dc   Section        0  stm32h5xx_hal.o(.text.HAL_Init)
    [Anonymous Symbol]                       0x0800143c   Section        0  stm32h5xx_hal.o(.text.HAL_InitTick)
    [Anonymous Symbol]                       0x08001550   Section        0  stm32h5xx_hal_msp.o(.text.HAL_MspInit)
    [Anonymous Symbol]                       0x08001554   Section        0  stm32h5xx_hal_cortex.o(.text.HAL_NVIC_SetPriority)
    [Anonymous Symbol]                       0x08001584   Section        0  stm32h5xx_hal_cortex.o(.text.HAL_NVIC_SetPriorityGrouping)
    [Anonymous Symbol]                       0x08001594   Section        0  stm32h5xx_hal_rcc_ex.o(.text.HAL_RCCEx_GetPLL1ClockFreq)
    [Anonymous Symbol]                       0x0800188c   Section        0  stm32h5xx_hal_rcc_ex.o(.text.HAL_RCCEx_GetPLL2ClockFreq)
    [Anonymous Symbol]                       0x08001b84   Section        0  stm32h5xx_hal_rcc_ex.o(.text.HAL_RCCEx_GetPeriphCLKFreq)
    [Anonymous Symbol]                       0x08002b74   Section        0  stm32h5xx_hal_rcc_ex.o(.text.HAL_RCCEx_PeriphCLKConfig)
    [Anonymous Symbol]                       0x08003610   Section        0  stm32h5xx_hal_rcc.o(.text.HAL_RCC_ClockConfig)
    [Anonymous Symbol]                       0x08003aa4   Section        0  stm32h5xx_hal_rcc.o(.text.HAL_RCC_GetHCLKFreq)
    [Anonymous Symbol]                       0x08003ad8   Section        0  stm32h5xx_hal_rcc.o(.text.HAL_RCC_GetPCLK1Freq)
    [Anonymous Symbol]                       0x08003b00   Section        0  stm32h5xx_hal_rcc.o(.text.HAL_RCC_GetPCLK2Freq)
    [Anonymous Symbol]                       0x08003b28   Section        0  stm32h5xx_hal_rcc.o(.text.HAL_RCC_GetPCLK3Freq)
    [Anonymous Symbol]                       0x08003b50   Section        0  stm32h5xx_hal_rcc.o(.text.HAL_RCC_GetSysClockFreq)
    [Anonymous Symbol]                       0x08003e1c   Section        0  stm32h5xx_hal_rcc.o(.text.HAL_RCC_OscConfig)
    [Anonymous Symbol]                       0x08004818   Section        0  stm32h5xx_hal_cortex.o(.text.HAL_SYSTICK_CLKSourceConfig)
    [Anonymous Symbol]                       0x080048b4   Section        0  stm32h5xx_hal_cortex.o(.text.HAL_SYSTICK_Config)
    [Anonymous Symbol]                       0x08004900   Section        0  stm32h5xx_hal_cortex.o(.text.HAL_SYSTICK_GetCLKSourceConfig)
    [Anonymous Symbol]                       0x08004964   Section        0  stm32h5xx_hal_uart_ex.o(.text.HAL_UARTEx_DisableFifoMode)
    [Anonymous Symbol]                       0x080049e0   Section        0  stm32h5xx_hal_uart_ex.o(.text.HAL_UARTEx_SetRxFifoThreshold)
    [Anonymous Symbol]                       0x08004a6c   Section        0  stm32h5xx_hal_uart_ex.o(.text.HAL_UARTEx_SetTxFifoThreshold)
    [Anonymous Symbol]                       0x08004af8   Section        0  stm32h5xx_hal_uart.o(.text.HAL_UART_Init)
    [Anonymous Symbol]                       0x08004ba4   Section        0  usart.o(.text.HAL_UART_MspInit)
    [Anonymous Symbol]                       0x08004c4c   Section        0  stm32h5xx_hal_uart.o(.text.HAL_UART_Transmit)
    [Anonymous Symbol]                       0x08004da0   Section        0  stm32h5xx_it.o(.text.HardFault_Handler)
    I2C_Flush_TXDR                           0x08004da5   Thumb Code    64  stm32h5xx_hal_i2c.o(.text.I2C_Flush_TXDR)
    [Anonymous Symbol]                       0x08004da4   Section        0  stm32h5xx_hal_i2c.o(.text.I2C_Flush_TXDR)
    I2C_IsErrorOccurred                      0x08004de5   Thumb Code   510  stm32h5xx_hal_i2c.o(.text.I2C_IsErrorOccurred)
    [Anonymous Symbol]                       0x08004de4   Section        0  stm32h5xx_hal_i2c.o(.text.I2C_IsErrorOccurred)
    I2C_RequestMemoryRead                    0x08004fe5   Thumb Code   190  stm32h5xx_hal_i2c.o(.text.I2C_RequestMemoryRead)
    [Anonymous Symbol]                       0x08004fe4   Section        0  stm32h5xx_hal_i2c.o(.text.I2C_RequestMemoryRead)
    I2C_RequestMemoryWrite                   0x080050a5   Thumb Code   192  stm32h5xx_hal_i2c.o(.text.I2C_RequestMemoryWrite)
    [Anonymous Symbol]                       0x080050a4   Section        0  stm32h5xx_hal_i2c.o(.text.I2C_RequestMemoryWrite)
    I2C_TransferConfig                       0x08005165   Thumb Code    84  stm32h5xx_hal_i2c.o(.text.I2C_TransferConfig)
    [Anonymous Symbol]                       0x08005164   Section        0  stm32h5xx_hal_i2c.o(.text.I2C_TransferConfig)
    I2C_WaitOnFlagUntilTimeout               0x080051b9   Thumb Code   196  stm32h5xx_hal_i2c.o(.text.I2C_WaitOnFlagUntilTimeout)
    [Anonymous Symbol]                       0x080051b8   Section        0  stm32h5xx_hal_i2c.o(.text.I2C_WaitOnFlagUntilTimeout)
    I2C_WaitOnSTOPFlagUntilTimeout           0x0800527d   Thumb Code   162  stm32h5xx_hal_i2c.o(.text.I2C_WaitOnSTOPFlagUntilTimeout)
    [Anonymous Symbol]                       0x0800527c   Section        0  stm32h5xx_hal_i2c.o(.text.I2C_WaitOnSTOPFlagUntilTimeout)
    I2C_WaitOnTXISFlagUntilTimeout           0x08005321   Thumb Code   172  stm32h5xx_hal_i2c.o(.text.I2C_WaitOnTXISFlagUntilTimeout)
    [Anonymous Symbol]                       0x08005320   Section        0  stm32h5xx_hal_i2c.o(.text.I2C_WaitOnTXISFlagUntilTimeout)
    [Anonymous Symbol]                       0x080053cc   Section        0  gpio.o(.text.MX_GPIO_Init)
    [Anonymous Symbol]                       0x0800547c   Section        0  i2c.o(.text.MX_I2C1_Init)
    [Anonymous Symbol]                       0x080054f4   Section        0  icache.o(.text.MX_ICACHE_Init)
    [Anonymous Symbol]                       0x08005518   Section        0  usart.o(.text.MX_USART1_UART_Init)
    [Anonymous Symbol]                       0x080055a8   Section        0  stm32h5xx_it.o(.text.MemManage_Handler)
    [Anonymous Symbol]                       0x080055ac   Section        0  stm32h5xx_it.o(.text.NMI_Handler)
    NVIC_EncodePriority                      0x080055b1   Thumb Code   108  stm32h5xx_hal_cortex.o(.text.NVIC_EncodePriority)
    [Anonymous Symbol]                       0x080055b0   Section        0  stm32h5xx_hal_cortex.o(.text.NVIC_EncodePriority)
    [Anonymous Symbol]                       0x0800561c   Section        0  stm32h5xx_it.o(.text.PendSV_Handler)
    RCCEx_PLL2_Config                        0x08005621   Thumb Code   364  stm32h5xx_hal_rcc_ex.o(.text.RCCEx_PLL2_Config)
    [Anonymous Symbol]                       0x08005620   Section        0  stm32h5xx_hal_rcc_ex.o(.text.RCCEx_PLL2_Config)
    [Anonymous Symbol]                       0x0800578c   Section        0  stm32h5xx_it.o(.text.SVC_Handler)
    [Anonymous Symbol]                       0x08005790   Section        0  stm32h5xx_it.o(.text.SysTick_Handler)
    [Anonymous Symbol]                       0x08005798   Section        0  main.o(.text.SystemClock_Config)
    [Anonymous Symbol]                       0x08005860   Section        0  system_stm32h5xx.o(.text.SystemInit)
    UARTEx_SetNbDataToProcess                0x08005979   Thumb Code   138  stm32h5xx_hal_uart_ex.o(.text.UARTEx_SetNbDataToProcess)
    [Anonymous Symbol]                       0x08005978   Section        0  stm32h5xx_hal_uart_ex.o(.text.UARTEx_SetNbDataToProcess)
    [Anonymous Symbol]                       0x08005a04   Section        0  stm32h5xx_hal_uart.o(.text.UART_AdvFeatureConfig)
    [Anonymous Symbol]                       0x08005b4c   Section        0  stm32h5xx_hal_uart.o(.text.UART_CheckIdleState)
    UART_EndRxTransfer                       0x08005c95   Thumb Code   158  stm32h5xx_hal_uart.o(.text.UART_EndRxTransfer)
    [Anonymous Symbol]                       0x08005c94   Section        0  stm32h5xx_hal_uart.o(.text.UART_EndRxTransfer)
    [Anonymous Symbol]                       0x08005d34   Section        0  stm32h5xx_hal_uart.o(.text.UART_SetConfig)
    [Anonymous Symbol]                       0x08006024   Section        0  stm32h5xx_hal_uart.o(.text.UART_WaitOnFlagUntilTimeout)
    [Anonymous Symbol]                       0x08006130   Section        0  stm32h5xx_it.o(.text.UsageFault_Handler)
    __NVIC_GetPriorityGrouping               0x08006135   Thumb Code    16  stm32h5xx_hal_cortex.o(.text.__NVIC_GetPriorityGrouping)
    [Anonymous Symbol]                       0x08006134   Section        0  stm32h5xx_hal_cortex.o(.text.__NVIC_GetPriorityGrouping)
    __NVIC_SetPriority                       0x08006145   Thumb Code    66  stm32h5xx_hal_cortex.o(.text.__NVIC_SetPriority)
    [Anonymous Symbol]                       0x08006144   Section        0  stm32h5xx_hal_cortex.o(.text.__NVIC_SetPriority)
    __NVIC_SetPriorityGrouping               0x08006189   Thumb Code    60  stm32h5xx_hal_cortex.o(.text.__NVIC_SetPriorityGrouping)
    [Anonymous Symbol]                       0x08006188   Section        0  stm32h5xx_hal_cortex.o(.text.__NVIC_SetPriorityGrouping)
    [Anonymous Symbol]                       0x080061c4   Section        0  main.o(.text.fputc)
    [Anonymous Symbol]                       0x080061e8   Section        0  lis2dw12_reg.o(.text.lis2dw12_act_mode_set)
    [Anonymous Symbol]                       0x08006278   Section        0  lis2dw12_reg.o(.text.lis2dw12_act_sleep_dur_set)
    [Anonymous Symbol]                       0x080062c4   Section        0  lis2dw12_reg.o(.text.lis2dw12_all_sources_get)
    [Anonymous Symbol]                       0x080062e0   Section        0  lis2dw12_reg.o(.text.lis2dw12_block_data_update_set)
    [Anonymous Symbol]                       0x0800632c   Section        0  lis2dw12_reg.o(.text.lis2dw12_data_rate_set)
    [Anonymous Symbol]                       0x080063b8   Section        0  lis2dw12_reg.o(.text.lis2dw12_device_id_get)
    [Anonymous Symbol]                       0x080063d4   Section        0  lis2dw12_reg.o(.text.lis2dw12_filter_bandwidth_set)
    [Anonymous Symbol]                       0x0800641c   Section        0  lis2dw12_reg.o(.text.lis2dw12_filter_path_set)
    [Anonymous Symbol]                       0x080064ac   Section        0  lis2dw12_reg.o(.text.lis2dw12_full_scale_set)
    [Anonymous Symbol]                       0x080064f8   Section        0  lis2dw12_reg.o(.text.lis2dw12_pin_int1_route_get)
    [Anonymous Symbol]                       0x08006514   Section        0  lis2dw12_reg.o(.text.lis2dw12_pin_int1_route_set)
    [Anonymous Symbol]                       0x080065bc   Section        0  lis2dw12_reg.o(.text.lis2dw12_power_mode_set)
    [Anonymous Symbol]                       0x08006660   Section        0  lis2dw12_reg.o(.text.lis2dw12_read_reg)
    [Anonymous Symbol]                       0x080066a0   Section        0  lis2dw12_reg.o(.text.lis2dw12_reset_get)
    [Anonymous Symbol]                       0x080066c8   Section        0  lis2dw12_reg.o(.text.lis2dw12_reset_set)
    [Anonymous Symbol]                       0x08006714   Section        0  lis2dw12_reg.o(.text.lis2dw12_wkup_dur_set)
    [Anonymous Symbol]                       0x08006760   Section        0  lis2dw12_reg.o(.text.lis2dw12_wkup_feed_data_set)
    [Anonymous Symbol]                       0x080067ac   Section        0  lis2dw12_reg.o(.text.lis2dw12_wkup_threshold_set)
    [Anonymous Symbol]                       0x080067f8   Section        0  lis2dw12_reg.o(.text.lis2dw12_write_reg)
    [Anonymous Symbol]                       0x08006838   Section        0  main.o(.text.main)
    platform_delay                           0x080069c9   Thumb Code    16  main.o(.text.platform_delay)
    [Anonymous Symbol]                       0x080069c8   Section        0  main.o(.text.platform_delay)
    platform_read                            0x080069d9   Thumb Code    58  main.o(.text.platform_read)
    [Anonymous Symbol]                       0x080069d8   Section        0  main.o(.text.platform_read)
    platform_write                           0x08006a15   Thumb Code    58  main.o(.text.platform_write)
    [Anonymous Symbol]                       0x08006a14   Section        0  main.o(.text.platform_write)
    i.__0printf                              0x08006a50   Section        0  printfa.o(i.__0printf)
    i.__scatterload_copy                     0x08006a70   Section       14  handlers.o(i.__scatterload_copy)
    i.__scatterload_null                     0x08006a7e   Section        2  handlers.o(i.__scatterload_null)
    i.__scatterload_zeroinit                 0x08006a80   Section       14  handlers.o(i.__scatterload_zeroinit)
    _fp_digits                               0x08006a91   Thumb Code   366  printfa.o(i._fp_digits)
    i._fp_digits                             0x08006a90   Section        0  printfa.o(i._fp_digits)
    _printf_core                             0x08006c15   Thumb Code  1744  printfa.o(i._printf_core)
    i._printf_core                           0x08006c14   Section        0  printfa.o(i._printf_core)
    _printf_post_padding                     0x080072f1   Thumb Code    36  printfa.o(i._printf_post_padding)
    i._printf_post_padding                   0x080072f0   Section        0  printfa.o(i._printf_post_padding)
    _printf_pre_padding                      0x08007315   Thumb Code    46  printfa.o(i._printf_pre_padding)
    i._printf_pre_padding                    0x08007314   Section        0  printfa.o(i._printf_pre_padding)
    UARTEx_SetNbDataToProcess.denominator    0x0800735a   Data           8  stm32h5xx_hal_uart_ex.o(.rodata.UARTEx_SetNbDataToProcess.denominator)
    [Anonymous Symbol]                       0x0800735a   Section        0  stm32h5xx_hal_uart_ex.o(.rodata.UARTEx_SetNbDataToProcess.denominator)
    UARTEx_SetNbDataToProcess.numerator      0x08007362   Data           8  stm32h5xx_hal_uart_ex.o(.rodata.UARTEx_SetNbDataToProcess.numerator)
    [Anonymous Symbol]                       0x08007362   Section        0  stm32h5xx_hal_uart_ex.o(.rodata.UARTEx_SetNbDataToProcess.numerator)
    .L.str.2                                 0x08007382   Data          20  main.o(.rodata.str1.1)
    [Anonymous Symbol]                       0x08007382   Section        0  main.o(.rodata.str1.1)
    .L.str.1                                 0x08007396   Data          22  main.o(.rodata.str1.1)
    .L.str                                   0x080073ac   Data          29  main.o(.rodata.str1.1)
    .data                                    0x20000000   Section        4  stdout.o(.data)
    rst                                      0x200000f8   Data           1  main.o(.bss.rst)
    [Anonymous Symbol]                       0x200000f8   Section        0  main.o(.bss.rst)
    whoamI                                   0x20000100   Data           1  main.o(.bss.whoamI)
    [Anonymous Symbol]                       0x20000100   Section        0  main.o(.bss.whoamI)
    STACK                                    0x20000108   Section    16384  startup_stm32h503xx.o(STACK)

    Global Symbols

    Symbol Name                              Value     Ov Type        Size  Object(Section)

    BuildAttributes$$THM_ISAv4$E$P$D$K$B$S$7EM$8M$VFPi5$EXTD16$VFPS$VFMA$PE$A:L22UL41UL21$X:L11$S22US41US21$IEEE1$IW$~IW$USESV6$~STKCKD$USESV7$~SHL$OSPACE$ROPI$EBA8$MICROLIB$REQ8$PRES8$EABIv2 0x00000000   Number         0  anon$$obj.o ABSOLUTE
    __cpp_initialize__aeabi_                  - Undefined Weak Reference
    __cxa_finalize                            - Undefined Weak Reference
    __decompress                              - Undefined Weak Reference
    _clock_init                               - Undefined Weak Reference
    _microlib_exit                            - Undefined Weak Reference
    __Vectors_Size                           0x00000258   Number         0  startup_stm32h503xx.o ABSOLUTE
    __Vectors                                0x08000000   Data           4  startup_stm32h503xx.o(RESET)
    __Vectors_End                            0x08000258   Data           0  startup_stm32h503xx.o(RESET)
    __main                                   0x08000259   Thumb Code     0  entry.o(.ARM.Collect$$$$00000000)
    _main_stk                                0x08000259   Thumb Code     0  entry2.o(.ARM.Collect$$$$00000001)
    _main_scatterload                        0x0800025d   Thumb Code     0  entry5.o(.ARM.Collect$$$$00000004)
    __main_after_scatterload                 0x08000261   Thumb Code     0  entry5.o(.ARM.Collect$$$$00000004)
    _main_clock                              0x08000261   Thumb Code     0  entry7b.o(.ARM.Collect$$$$00000008)
    _main_cpp_init                           0x08000261   Thumb Code     0  entry8b.o(.ARM.Collect$$$$0000000A)
    _main_init                               0x08000261   Thumb Code     0  entry9a.o(.ARM.Collect$$$$0000000B)
    __rt_final_cpp                           0x08000269   Thumb Code     0  entry10a.o(.ARM.Collect$$$$0000000D)
    __rt_final_exit                          0x08000269   Thumb Code     0  entry11a.o(.ARM.Collect$$$$0000000F)
    Reset_Handler                            0x0800026d   Thumb Code     8  startup_stm32h503xx.o(.text)
    SecureFault_Handler                      0x0800027f   Thumb Code     2  startup_stm32h503xx.o(.text)
    ADC1_IRQHandler                          0x08000289   Thumb Code     0  startup_stm32h503xx.o(.text)
    COMP1_IRQHandler                         0x08000289   Thumb Code     0  startup_stm32h503xx.o(.text)
    CRS_IRQHandler                           0x08000289   Thumb Code     0  startup_stm32h503xx.o(.text)
    DAC1_IRQHandler                          0x08000289   Thumb Code     0  startup_stm32h503xx.o(.text)
    DTS_IRQHandler                           0x08000289   Thumb Code     0  startup_stm32h503xx.o(.text)
    EXTI0_IRQHandler                         0x08000289   Thumb Code     0  startup_stm32h503xx.o(.text)
    EXTI10_IRQHandler                        0x08000289   Thumb Code     0  startup_stm32h503xx.o(.text)
    EXTI11_IRQHandler                        0x08000289   Thumb Code     0  startup_stm32h503xx.o(.text)
    EXTI12_IRQHandler                        0x08000289   Thumb Code     0  startup_stm32h503xx.o(.text)
    EXTI13_IRQHandler                        0x08000289   Thumb Code     0  startup_stm32h503xx.o(.text)
    EXTI14_IRQHandler                        0x08000289   Thumb Code     0  startup_stm32h503xx.o(.text)
    EXTI15_IRQHandler                        0x08000289   Thumb Code     0  startup_stm32h503xx.o(.text)
    EXTI1_IRQHandler                         0x08000289   Thumb Code     0  startup_stm32h503xx.o(.text)
    EXTI2_IRQHandler                         0x08000289   Thumb Code     0  startup_stm32h503xx.o(.text)
    EXTI3_IRQHandler                         0x08000289   Thumb Code     0  startup_stm32h503xx.o(.text)
    EXTI4_IRQHandler                         0x08000289   Thumb Code     0  startup_stm32h503xx.o(.text)
    EXTI5_IRQHandler                         0x08000289   Thumb Code     0  startup_stm32h503xx.o(.text)
    EXTI6_IRQHandler                         0x08000289   Thumb Code     0  startup_stm32h503xx.o(.text)
    EXTI7_IRQHandler                         0x08000289   Thumb Code     0  startup_stm32h503xx.o(.text)
    EXTI8_IRQHandler                         0x08000289   Thumb Code     0  startup_stm32h503xx.o(.text)
    EXTI9_IRQHandler                         0x08000289   Thumb Code     0  startup_stm32h503xx.o(.text)
    FDCAN1_IT0_IRQHandler                    0x08000289   Thumb Code     0  startup_stm32h503xx.o(.text)
    FDCAN1_IT1_IRQHandler                    0x08000289   Thumb Code     0  startup_stm32h503xx.o(.text)
    FLASH_IRQHandler                         0x08000289   Thumb Code     0  startup_stm32h503xx.o(.text)
    FPU_IRQHandler                           0x08000289   Thumb Code     0  startup_stm32h503xx.o(.text)
    GPDMA1_Channel0_IRQHandler               0x08000289   Thumb Code     0  startup_stm32h503xx.o(.text)
    GPDMA1_Channel1_IRQHandler               0x08000289   Thumb Code     0  startup_stm32h503xx.o(.text)
    GPDMA1_Channel2_IRQHandler               0x08000289   Thumb Code     0  startup_stm32h503xx.o(.text)
    GPDMA1_Channel3_IRQHandler               0x08000289   Thumb Code     0  startup_stm32h503xx.o(.text)
    GPDMA1_Channel4_IRQHandler               0x08000289   Thumb Code     0  startup_stm32h503xx.o(.text)
    GPDMA1_Channel5_IRQHandler               0x08000289   Thumb Code     0  startup_stm32h503xx.o(.text)
    GPDMA1_Channel6_IRQHandler               0x08000289   Thumb Code     0  startup_stm32h503xx.o(.text)
    GPDMA1_Channel7_IRQHandler               0x08000289   Thumb Code     0  startup_stm32h503xx.o(.text)
    GPDMA2_Channel0_IRQHandler               0x08000289   Thumb Code     0  startup_stm32h503xx.o(.text)
    GPDMA2_Channel1_IRQHandler               0x08000289   Thumb Code     0  startup_stm32h503xx.o(.text)
    GPDMA2_Channel2_IRQHandler               0x08000289   Thumb Code     0  startup_stm32h503xx.o(.text)
    GPDMA2_Channel3_IRQHandler               0x08000289   Thumb Code     0  startup_stm32h503xx.o(.text)
    GPDMA2_Channel4_IRQHandler               0x08000289   Thumb Code     0  startup_stm32h503xx.o(.text)
    GPDMA2_Channel5_IRQHandler               0x08000289   Thumb Code     0  startup_stm32h503xx.o(.text)
    GPDMA2_Channel6_IRQHandler               0x08000289   Thumb Code     0  startup_stm32h503xx.o(.text)
    GPDMA2_Channel7_IRQHandler               0x08000289   Thumb Code     0  startup_stm32h503xx.o(.text)
    GTZC_IRQHandler                          0x08000289   Thumb Code     0  startup_stm32h503xx.o(.text)
    HASH_IRQHandler                          0x08000289   Thumb Code     0  startup_stm32h503xx.o(.text)
    I2C1_ER_IRQHandler                       0x08000289   Thumb Code     0  startup_stm32h503xx.o(.text)
    I2C1_EV_IRQHandler                       0x08000289   Thumb Code     0  startup_stm32h503xx.o(.text)
    I2C2_ER_IRQHandler                       0x08000289   Thumb Code     0  startup_stm32h503xx.o(.text)
    I2C2_EV_IRQHandler                       0x08000289   Thumb Code     0  startup_stm32h503xx.o(.text)
    I3C1_ER_IRQHandler                       0x08000289   Thumb Code     0  startup_stm32h503xx.o(.text)
    I3C1_EV_IRQHandler                       0x08000289   Thumb Code     0  startup_stm32h503xx.o(.text)
    I3C2_ER_IRQHandler                       0x08000289   Thumb Code     0  startup_stm32h503xx.o(.text)
    I3C2_EV_IRQHandler                       0x08000289   Thumb Code     0  startup_stm32h503xx.o(.text)
    ICACHE_IRQHandler                        0x08000289   Thumb Code     0  startup_stm32h503xx.o(.text)
    IWDG_IRQHandler                          0x08000289   Thumb Code     0  startup_stm32h503xx.o(.text)
    LPTIM1_IRQHandler                        0x08000289   Thumb Code     0  startup_stm32h503xx.o(.text)
    LPTIM2_IRQHandler                        0x08000289   Thumb Code     0  startup_stm32h503xx.o(.text)
    LPUART1_IRQHandler                       0x08000289   Thumb Code     0  startup_stm32h503xx.o(.text)
    PVD_AVD_IRQHandler                       0x08000289   Thumb Code     0  startup_stm32h503xx.o(.text)
    RAMCFG_IRQHandler                        0x08000289   Thumb Code     0  startup_stm32h503xx.o(.text)
    RCC_IRQHandler                           0x08000289   Thumb Code     0  startup_stm32h503xx.o(.text)
    RNG_IRQHandler                           0x08000289   Thumb Code     0  startup_stm32h503xx.o(.text)
    RTC_IRQHandler                           0x08000289   Thumb Code     0  startup_stm32h503xx.o(.text)
    SPI1_IRQHandler                          0x08000289   Thumb Code     0  startup_stm32h503xx.o(.text)
    SPI2_IRQHandler                          0x08000289   Thumb Code     0  startup_stm32h503xx.o(.text)
    SPI3_IRQHandler                          0x08000289   Thumb Code     0  startup_stm32h503xx.o(.text)
    TAMP_IRQHandler                          0x08000289   Thumb Code     0  startup_stm32h503xx.o(.text)
    TIM1_BRK_IRQHandler                      0x08000289   Thumb Code     0  startup_stm32h503xx.o(.text)
    TIM1_CC_IRQHandler                       0x08000289   Thumb Code     0  startup_stm32h503xx.o(.text)
    TIM1_TRG_COM_IRQHandler                  0x08000289   Thumb Code     0  startup_stm32h503xx.o(.text)
    TIM1_UP_IRQHandler                       0x08000289   Thumb Code     0  startup_stm32h503xx.o(.text)
    TIM2_IRQHandler                          0x08000289   Thumb Code     0  startup_stm32h503xx.o(.text)
    TIM3_IRQHandler                          0x08000289   Thumb Code     0  startup_stm32h503xx.o(.text)
    TIM6_IRQHandler                          0x08000289   Thumb Code     0  startup_stm32h503xx.o(.text)
    TIM7_IRQHandler                          0x08000289   Thumb Code     0  startup_stm32h503xx.o(.text)
    USART1_IRQHandler                        0x08000289   Thumb Code     0  startup_stm32h503xx.o(.text)
    USART2_IRQHandler                        0x08000289   Thumb Code     0  startup_stm32h503xx.o(.text)
    USART3_IRQHandler                        0x08000289   Thumb Code     0  startup_stm32h503xx.o(.text)
    USB_DRD_FS_IRQHandler                    0x08000289   Thumb Code     0  startup_stm32h503xx.o(.text)
    WWDG_IRQHandler                          0x08000289   Thumb Code     0  startup_stm32h503xx.o(.text)
    __aeabi_uldivmod                         0x08000295   Thumb Code    98  uldiv.o(.text)
    __aeabi_memset                           0x080002f7   Thumb Code    14  memseta.o(.text)
    __aeabi_memset4                          0x080002f7   Thumb Code     0  memseta.o(.text)
    __aeabi_memset8                          0x080002f7   Thumb Code     0  memseta.o(.text)
    __aeabi_memclr                           0x08000305   Thumb Code     4  memseta.o(.text)
    __aeabi_memclr4                          0x08000305   Thumb Code     0  memseta.o(.text)
    __aeabi_memclr8                          0x08000305   Thumb Code     0  memseta.o(.text)
    _memset$wrapper                          0x08000309   Thumb Code    18  memseta.o(.text)
    __aeabi_uidiv                            0x0800031b   Thumb Code     0  uidiv.o(.text)
    __aeabi_uidivmod                         0x0800031b   Thumb Code    44  uidiv.o(.text)
    __aeabi_llsl                             0x08000347   Thumb Code    30  llshl.o(.text)
    _ll_shift_l                              0x08000347   Thumb Code     0  llshl.o(.text)
    __aeabi_llsr                             0x08000365   Thumb Code    32  llushr.o(.text)
    _ll_ushift_r                             0x08000365   Thumb Code     0  llushr.o(.text)
    __I$use$fp                               0x08000385   Thumb Code     0  iusefp.o(.text)
    __aeabi_dadd                             0x08000385   Thumb Code   322  dadd.o(.text)
    __aeabi_dsub                             0x080004c7   Thumb Code     6  dadd.o(.text)
    __aeabi_drsub                            0x080004cd   Thumb Code     6  dadd.o(.text)
    __aeabi_dmul                             0x080004d3   Thumb Code   228  dmul.o(.text)
    __aeabi_ddiv                             0x080005b7   Thumb Code   222  ddiv.o(.text)
    __aeabi_d2ulz                            0x08000695   Thumb Code    48  dfixul.o(.text)
    __aeabi_cdrcmple                         0x080006c5   Thumb Code    48  cdrcmple.o(.text)
    __scatterload                            0x080006f5   Thumb Code    28  init.o(.text)
    __scatterload_rt2                        0x080006f5   Thumb Code     0  init.o(.text)
    __aeabi_lasr                             0x08000719   Thumb Code    36  llsshr.o(.text)
    _ll_sshift_r                             0x08000719   Thumb Code     0  llsshr.o(.text)
    _double_round                            0x0800073d   Thumb Code    30  depilogue.o(.text)
    _double_epilogue                         0x0800075b   Thumb Code   156  depilogue.o(.text)
    BusFault_Handler                         0x080007f9   Thumb Code     4  stm32h5xx_it.o(.text.BusFault_Handler)
    DebugMon_Handler                         0x080007fd   Thumb Code     2  stm32h5xx_it.o(.text.DebugMon_Handler)
    Error_Handler                            0x08000801   Thumb Code     6  main.o(.text.Error_Handler)
    HAL_Delay                                0x08000809   Thumb Code    66  stm32h5xx_hal.o(.text.HAL_Delay)
    HAL_GPIO_Init                            0x0800084d   Thumb Code   746  stm32h5xx_hal_gpio.o(.text.HAL_GPIO_Init)
    HAL_GPIO_WritePin                        0x08000b39   Thumb Code    44  stm32h5xx_hal_gpio.o(.text.HAL_GPIO_WritePin)
    HAL_GetTick                              0x08000b65   Thumb Code    12  stm32h5xx_hal.o(.text.HAL_GetTick)
    HAL_I2CEx_ConfigAnalogFilter             0x08000b71   Thumb Code   152  stm32h5xx_hal_i2c_ex.o(.text.HAL_I2CEx_ConfigAnalogFilter)
    HAL_I2CEx_ConfigDigitalFilter            0x08000c09   Thumb Code   162  stm32h5xx_hal_i2c_ex.o(.text.HAL_I2CEx_ConfigDigitalFilter)
    HAL_I2C_Init                             0x08000cad   Thumb Code   276  stm32h5xx_hal_i2c.o(.text.HAL_I2C_Init)
    HAL_I2C_Mem_Read                         0x08000dc1   Thumb Code   650  stm32h5xx_hal_i2c.o(.text.HAL_I2C_Mem_Read)
    HAL_I2C_Mem_Write                        0x0800104d   Thumb Code   628  stm32h5xx_hal_i2c.o(.text.HAL_I2C_Mem_Write)
    HAL_I2C_MspInit                          0x080012c1   Thumb Code   170  i2c.o(.text.HAL_I2C_MspInit)
    HAL_ICACHE_ConfigAssociativityMode       0x0800136d   Thumb Code    64  stm32h5xx_hal_icache.o(.text.HAL_ICACHE_ConfigAssociativityMode)
    HAL_ICACHE_Enable                        0x080013ad   Thumb Code    20  stm32h5xx_hal_icache.o(.text.HAL_ICACHE_Enable)
    HAL_IncTick                              0x080013c1   Thumb Code    26  stm32h5xx_hal.o(.text.HAL_IncTick)
    HAL_Init                                 0x080013dd   Thumb Code    94  stm32h5xx_hal.o(.text.HAL_Init)
    HAL_InitTick                             0x0800143d   Thumb Code   276  stm32h5xx_hal.o(.text.HAL_InitTick)
    HAL_MspInit                              0x08001551   Thumb Code     2  stm32h5xx_hal_msp.o(.text.HAL_MspInit)
    HAL_NVIC_SetPriority                     0x08001555   Thumb Code    46  stm32h5xx_hal_cortex.o(.text.HAL_NVIC_SetPriority)
    HAL_NVIC_SetPriorityGrouping             0x08001585   Thumb Code    16  stm32h5xx_hal_cortex.o(.text.HAL_NVIC_SetPriorityGrouping)
    HAL_RCCEx_GetPLL1ClockFreq               0x08001595   Thumb Code   760  stm32h5xx_hal_rcc_ex.o(.text.HAL_RCCEx_GetPLL1ClockFreq)
    HAL_RCCEx_GetPLL2ClockFreq               0x0800188d   Thumb Code   760  stm32h5xx_hal_rcc_ex.o(.text.HAL_RCCEx_GetPLL2ClockFreq)
    HAL_RCCEx_GetPeriphCLKFreq               0x08001b85   Thumb Code  4080  stm32h5xx_hal_rcc_ex.o(.text.HAL_RCCEx_GetPeriphCLKFreq)
    HAL_RCCEx_PeriphCLKConfig                0x08002b75   Thumb Code  2714  stm32h5xx_hal_rcc_ex.o(.text.HAL_RCCEx_PeriphCLKConfig)
    HAL_RCC_ClockConfig                      0x08003611   Thumb Code  1172  stm32h5xx_hal_rcc.o(.text.HAL_RCC_ClockConfig)
    HAL_RCC_GetHCLKFreq                      0x08003aa5   Thumb Code    52  stm32h5xx_hal_rcc.o(.text.HAL_RCC_GetHCLKFreq)
    HAL_RCC_GetPCLK1Freq                     0x08003ad9   Thumb Code    38  stm32h5xx_hal_rcc.o(.text.HAL_RCC_GetPCLK1Freq)
    HAL_RCC_GetPCLK2Freq                     0x08003b01   Thumb Code    38  stm32h5xx_hal_rcc.o(.text.HAL_RCC_GetPCLK2Freq)
    HAL_RCC_GetPCLK3Freq                     0x08003b29   Thumb Code    38  stm32h5xx_hal_rcc.o(.text.HAL_RCC_GetPCLK3Freq)
    HAL_RCC_GetSysClockFreq                  0x08003b51   Thumb Code   716  stm32h5xx_hal_rcc.o(.text.HAL_RCC_GetSysClockFreq)
    HAL_RCC_OscConfig                        0x08003e1d   Thumb Code  2556  stm32h5xx_hal_rcc.o(.text.HAL_RCC_OscConfig)
    HAL_SYSTICK_CLKSourceConfig              0x08004819   Thumb Code   154  stm32h5xx_hal_cortex.o(.text.HAL_SYSTICK_CLKSourceConfig)
    HAL_SYSTICK_Config                       0x080048b5   Thumb Code    74  stm32h5xx_hal_cortex.o(.text.HAL_SYSTICK_Config)
    HAL_SYSTICK_GetCLKSourceConfig           0x08004901   Thumb Code    98  stm32h5xx_hal_cortex.o(.text.HAL_SYSTICK_GetCLKSourceConfig)
    HAL_UARTEx_DisableFifoMode               0x08004965   Thumb Code   124  stm32h5xx_hal_uart_ex.o(.text.HAL_UARTEx_DisableFifoMode)
    HAL_UARTEx_SetRxFifoThreshold            0x080049e1   Thumb Code   140  stm32h5xx_hal_uart_ex.o(.text.HAL_UARTEx_SetRxFifoThreshold)
    HAL_UARTEx_SetTxFifoThreshold            0x08004a6d   Thumb Code   140  stm32h5xx_hal_uart_ex.o(.text.HAL_UARTEx_SetTxFifoThreshold)
    HAL_UART_Init                            0x08004af9   Thumb Code   170  stm32h5xx_hal_uart.o(.text.HAL_UART_Init)
    HAL_UART_MspInit                         0x08004ba5   Thumb Code   168  usart.o(.text.HAL_UART_MspInit)
    HAL_UART_Transmit                        0x08004c4d   Thumb Code   340  stm32h5xx_hal_uart.o(.text.HAL_UART_Transmit)
    HardFault_Handler                        0x08004da1   Thumb Code     4  stm32h5xx_it.o(.text.HardFault_Handler)
    MX_GPIO_Init                             0x080053cd   Thumb Code   174  gpio.o(.text.MX_GPIO_Init)
    MX_I2C1_Init                             0x0800547d   Thumb Code   118  i2c.o(.text.MX_I2C1_Init)
    MX_ICACHE_Init                           0x080054f5   Thumb Code    34  icache.o(.text.MX_ICACHE_Init)
    MX_USART1_UART_Init                      0x08005519   Thumb Code   142  usart.o(.text.MX_USART1_UART_Init)
    MemManage_Handler                        0x080055a9   Thumb Code     4  stm32h5xx_it.o(.text.MemManage_Handler)
    NMI_Handler                              0x080055ad   Thumb Code     4  stm32h5xx_it.o(.text.NMI_Handler)
    PendSV_Handler                           0x0800561d   Thumb Code     2  stm32h5xx_it.o(.text.PendSV_Handler)
    SVC_Handler                              0x0800578d   Thumb Code     2  stm32h5xx_it.o(.text.SVC_Handler)
    SysTick_Handler                          0x08005791   Thumb Code     8  stm32h5xx_it.o(.text.SysTick_Handler)
    SystemClock_Config                       0x08005799   Thumb Code   198  main.o(.text.SystemClock_Config)
    SystemInit                               0x08005861   Thumb Code   278  system_stm32h5xx.o(.text.SystemInit)
    UART_AdvFeatureConfig                    0x08005a05   Thumb Code   328  stm32h5xx_hal_uart.o(.text.UART_AdvFeatureConfig)
    UART_CheckIdleState                      0x08005b4d   Thumb Code   326  stm32h5xx_hal_uart.o(.text.UART_CheckIdleState)
    UART_SetConfig                           0x08005d35   Thumb Code   752  stm32h5xx_hal_uart.o(.text.UART_SetConfig)
    UART_WaitOnFlagUntilTimeout              0x08006025   Thumb Code   268  stm32h5xx_hal_uart.o(.text.UART_WaitOnFlagUntilTimeout)
    UsageFault_Handler                       0x08006131   Thumb Code     4  stm32h5xx_it.o(.text.UsageFault_Handler)
    fputc                                    0x080061c5   Thumb Code    34  main.o(.text.fputc)
    lis2dw12_act_mode_set                    0x080061e9   Thumb Code   144  lis2dw12_reg.o(.text.lis2dw12_act_mode_set)
    lis2dw12_act_sleep_dur_set               0x08006279   Thumb Code    74  lis2dw12_reg.o(.text.lis2dw12_act_sleep_dur_set)
    lis2dw12_all_sources_get                 0x080062c5   Thumb Code    28  lis2dw12_reg.o(.text.lis2dw12_all_sources_get)
    lis2dw12_block_data_update_set           0x080062e1   Thumb Code    76  lis2dw12_reg.o(.text.lis2dw12_block_data_update_set)
    lis2dw12_data_rate_set                   0x0800632d   Thumb Code   140  lis2dw12_reg.o(.text.lis2dw12_data_rate_set)
    lis2dw12_device_id_get                   0x080063b9   Thumb Code    28  lis2dw12_reg.o(.text.lis2dw12_device_id_get)
    lis2dw12_filter_bandwidth_set            0x080063d5   Thumb Code    72  lis2dw12_reg.o(.text.lis2dw12_filter_bandwidth_set)
    lis2dw12_filter_path_set                 0x0800641d   Thumb Code   144  lis2dw12_reg.o(.text.lis2dw12_filter_path_set)
    lis2dw12_full_scale_set                  0x080064ad   Thumb Code    76  lis2dw12_reg.o(.text.lis2dw12_full_scale_set)
    lis2dw12_pin_int1_route_get              0x080064f9   Thumb Code    28  lis2dw12_reg.o(.text.lis2dw12_pin_int1_route_get)
    lis2dw12_pin_int1_route_set              0x08006515   Thumb Code   166  lis2dw12_reg.o(.text.lis2dw12_pin_int1_route_set)
    lis2dw12_power_mode_set                  0x080065bd   Thumb Code   164  lis2dw12_reg.o(.text.lis2dw12_power_mode_set)
    lis2dw12_read_reg                        0x08006661   Thumb Code    64  lis2dw12_reg.o(.text.lis2dw12_read_reg)
    lis2dw12_reset_get                       0x080066a1   Thumb Code    40  lis2dw12_reg.o(.text.lis2dw12_reset_get)
    lis2dw12_reset_set                       0x080066c9   Thumb Code    76  lis2dw12_reg.o(.text.lis2dw12_reset_set)
    lis2dw12_wkup_dur_set                    0x08006715   Thumb Code    76  lis2dw12_reg.o(.text.lis2dw12_wkup_dur_set)
    lis2dw12_wkup_feed_data_set              0x08006761   Thumb Code    76  lis2dw12_reg.o(.text.lis2dw12_wkup_feed_data_set)
    lis2dw12_wkup_threshold_set              0x080067ad   Thumb Code    74  lis2dw12_reg.o(.text.lis2dw12_wkup_threshold_set)
    lis2dw12_write_reg                       0x080067f9   Thumb Code    64  lis2dw12_reg.o(.text.lis2dw12_write_reg)
    main                                     0x08006839   Thumb Code   398  main.o(.text.main)
    __0printf                                0x08006a51   Thumb Code    22  printfa.o(i.__0printf)
    __1printf                                0x08006a51   Thumb Code     0  printfa.o(i.__0printf)
    __2printf                                0x08006a51   Thumb Code     0  printfa.o(i.__0printf)
    __c89printf                              0x08006a51   Thumb Code     0  printfa.o(i.__0printf)
    printf                                   0x08006a51   Thumb Code     0  printfa.o(i.__0printf)
    __scatterload_copy                       0x08006a71   Thumb Code    14  handlers.o(i.__scatterload_copy)
    __scatterload_null                       0x08006a7f   Thumb Code     2  handlers.o(i.__scatterload_null)
    __scatterload_zeroinit                   0x08006a81   Thumb Code    14  handlers.o(i.__scatterload_zeroinit)
    AHBPrescTable                            0x08007342   Data          16  system_stm32h5xx.o(.rodata.AHBPrescTable)
    APBPrescTable                            0x08007352   Data           8  system_stm32h5xx.o(.rodata.APBPrescTable)
    UARTPrescTable                           0x0800736a   Data          24  stm32h5xx_hal_uart.o(.rodata.UARTPrescTable)
    Region$$Table$$Base                      0x080073cc   Number         0  anon$$obj.o(Region$$Table)
    Region$$Table$$Limit                     0x080073ec   Number         0  anon$$obj.o(Region$$Table)
    __stdout                                 0x20000000   Data           4  stdout.o(.data)
    SystemCoreClock                          0x20000004   Data           4  system_stm32h5xx.o(.data.SystemCoreClock)
    uwTickFreq                               0x20000008   Data           1  stm32h5xx_hal.o(.data.uwTickFreq)
    uwTickPrio                               0x2000000c   Data           4  stm32h5xx_hal.o(.data.uwTickPrio)
    hi2c1                                    0x20000010   Data          84  i2c.o(.bss.hi2c1)
    huart1                                   0x20000064   Data         148  usart.o(.bss.huart1)
    uwTick                                   0x200000fc   Data           4  stm32h5xx_hal.o(.bss.uwTick)
    __initial_sp                             0x20004108   Data           0  startup_stm32h503xx.o(STACK)



==============================================================================

Memory Map of the image

  Image Entry point : 0x08000259

  Load Region LR_IROM1 (Base: 0x08000000, Size: 0x00007400, Max: 0x00020000, ABSOLUTE)

    Execution Region ER_IROM1 (Exec base: 0x08000000, Load base: 0x08000000, Size: 0x000073ec, Max: 0x00020000, ABSOLUTE)

    Exec Addr    Load Addr    Size         Type   Attr      Idx    E Section Name        Object

    0x08000000   0x08000000   0x00000258   Data   RO            3    RESET               startup_stm32h503xx.o
    0x08000258   0x08000258   0x00000000   Code   RO         1500  * .ARM.Collect$$$$00000000  mc_w.l(entry.o)
    0x08000258   0x08000258   0x00000004   Code   RO         1535    .ARM.Collect$$$$00000001  mc_w.l(entry2.o)
    0x0800025c   0x0800025c   0x00000004   Code   RO         1538    .ARM.Collect$$$$00000004  mc_w.l(entry5.o)
    0x08000260   0x08000260   0x00000000   Code   RO         1540    .ARM.Collect$$$$00000008  mc_w.l(entry7b.o)
    0x08000260   0x08000260   0x00000000   Code   RO         1542    .ARM.Collect$$$$0000000A  mc_w.l(entry8b.o)
    0x08000260   0x08000260   0x00000008   Code   RO         1543    .ARM.Collect$$$$0000000B  mc_w.l(entry9a.o)
    0x08000268   0x08000268   0x00000000   Code   RO         1545    .ARM.Collect$$$$0000000D  mc_w.l(entry10a.o)
    0x08000268   0x08000268   0x00000000   Code   RO         1547    .ARM.Collect$$$$0000000F  mc_w.l(entry11a.o)
    0x08000268   0x08000268   0x00000004   Code   RO         1536    .ARM.Collect$$$$00002712  mc_w.l(entry2.o)
    0x0800026c   0x0800026c   0x00000028   Code   RO            4    .text               startup_stm32h503xx.o
    0x08000294   0x08000294   0x00000062   Code   RO         1503    .text               mc_w.l(uldiv.o)
    0x080002f6   0x080002f6   0x00000024   Code   RO         1505    .text               mc_w.l(memseta.o)
    0x0800031a   0x0800031a   0x0000002c   Code   RO         1559    .text               mc_w.l(uidiv.o)
    0x08000346   0x08000346   0x0000001e   Code   RO         1561    .text               mc_w.l(llshl.o)
    0x08000364   0x08000364   0x00000020   Code   RO         1563    .text               mc_w.l(llushr.o)
    0x08000384   0x08000384   0x00000000   Code   RO         1565    .text               mc_w.l(iusefp.o)
    0x08000384   0x08000384   0x0000014e   Code   RO         1566    .text               mf_w.l(dadd.o)
    0x080004d2   0x080004d2   0x000000e4   Code   RO         1568    .text               mf_w.l(dmul.o)
    0x080005b6   0x080005b6   0x000000de   Code   RO         1570    .text               mf_w.l(ddiv.o)
    0x08000694   0x08000694   0x00000030   Code   RO         1572    .text               mf_w.l(dfixul.o)
    0x080006c4   0x080006c4   0x00000030   Code   RO         1574    .text               mf_w.l(cdrcmple.o)
    0x080006f4   0x080006f4   0x00000024   Code   RO         1576    .text               mc_w.l(init.o)
    0x08000718   0x08000718   0x00000024   Code   RO         1578    .text               mc_w.l(llsshr.o)
    0x0800073c   0x0800073c   0x000000ba   Code   RO         1580    .text               mf_w.l(depilogue.o)
    0x080007f6   0x080007f6   0x00000002   PAD
    0x080007f8   0x080007f8   0x00000004   Code   RO           86    .text.BusFault_Handler  stm32h5xx_it.o
    0x080007fc   0x080007fc   0x00000002   Code   RO           92    .text.DebugMon_Handler  stm32h5xx_it.o
    0x080007fe   0x080007fe   0x00000002   PAD
    0x08000800   0x08000800   0x00000006   Code   RO           23    .text.Error_Handler  main.o
    0x08000806   0x08000806   0x00000002   PAD
    0x08000808   0x08000808   0x00000042   Code   RO         1138    .text.HAL_Delay     stm32h5xx_hal.o
    0x0800084a   0x0800084a   0x00000002   PAD
    0x0800084c   0x0800084c   0x000002ea   Code   RO          975    .text.HAL_GPIO_Init  stm32h5xx_hal_gpio.o
    0x08000b36   0x08000b36   0x00000002   PAD
    0x08000b38   0x08000b38   0x0000002c   Code   RO          981    .text.HAL_GPIO_WritePin  stm32h5xx_hal_gpio.o
    0x08000b64   0x08000b64   0x0000000c   Code   RO         1130    .text.HAL_GetTick   stm32h5xx_hal.o
    0x08000b70   0x08000b70   0x00000098   Code   RO          606    .text.HAL_I2CEx_ConfigAnalogFilter  stm32h5xx_hal_i2c_ex.o
    0x08000c08   0x08000c08   0x000000a2   Code   RO          608    .text.HAL_I2CEx_ConfigDigitalFilter  stm32h5xx_hal_i2c_ex.o
    0x08000caa   0x08000caa   0x00000002   PAD
    0x08000cac   0x08000cac   0x00000114   Code   RO          437    .text.HAL_I2C_Init  stm32h5xx_hal_i2c.o
    0x08000dc0   0x08000dc0   0x0000028a   Code   RO          505    .text.HAL_I2C_Mem_Read  stm32h5xx_hal_i2c.o
    0x0800104a   0x0800104a   0x00000002   PAD
    0x0800104c   0x0800104c   0x00000274   Code   RO          501    .text.HAL_I2C_Mem_Write  stm32h5xx_hal_i2c.o
    0x080012c0   0x080012c0   0x000000aa   Code   RO           46    .text.HAL_I2C_MspInit  i2c.o
    0x0800136a   0x0800136a   0x00000002   PAD
    0x0800136c   0x0800136c   0x00000040   Code   RO         1255    .text.HAL_ICACHE_ConfigAssociativityMode  stm32h5xx_hal_icache.o
    0x080013ac   0x080013ac   0x00000014   Code   RO         1259    .text.HAL_ICACHE_Enable  stm32h5xx_hal_icache.o
    0x080013c0   0x080013c0   0x0000001a   Code   RO         1128    .text.HAL_IncTick   stm32h5xx_hal.o
    0x080013da   0x080013da   0x00000002   PAD
    0x080013dc   0x080013dc   0x0000005e   Code   RO         1118    .text.HAL_Init      stm32h5xx_hal.o
    0x0800143a   0x0800143a   0x00000002   PAD
    0x0800143c   0x0800143c   0x00000114   Code   RO         1120    .text.HAL_InitTick  stm32h5xx_hal.o
    0x08001550   0x08001550   0x00000002   Code   RO          105    .text.HAL_MspInit   stm32h5xx_hal_msp.o
    0x08001552   0x08001552   0x00000002   PAD
    0x08001554   0x08001554   0x0000002e   Code   RO          360    .text.HAL_NVIC_SetPriority  stm32h5xx_hal_cortex.o
    0x08001582   0x08001582   0x00000002   PAD
    0x08001584   0x08001584   0x00000010   Code   RO          356    .text.HAL_NVIC_SetPriorityGrouping  stm32h5xx_hal_cortex.o
    0x08001594   0x08001594   0x000002f8   Code   RO          815    .text.HAL_RCCEx_GetPLL1ClockFreq  stm32h5xx_hal_rcc_ex.o
    0x0800188c   0x0800188c   0x000002f8   Code   RO          817    .text.HAL_RCCEx_GetPLL2ClockFreq  stm32h5xx_hal_rcc_ex.o
    0x08001b84   0x08001b84   0x00000ff0   Code   RO          819    .text.HAL_RCCEx_GetPeriphCLKFreq  stm32h5xx_hal_rcc_ex.o
    0x08002b74   0x08002b74   0x00000a9a   Code   RO          809    .text.HAL_RCCEx_PeriphCLKConfig  stm32h5xx_hal_rcc_ex.o
    0x0800360e   0x0800360e   0x00000002   PAD
    0x08003610   0x08003610   0x00000494   Code   RO          774    .text.HAL_RCC_ClockConfig  stm32h5xx_hal_rcc.o
    0x08003aa4   0x08003aa4   0x00000034   Code   RO          772    .text.HAL_RCC_GetHCLKFreq  stm32h5xx_hal_rcc.o
    0x08003ad8   0x08003ad8   0x00000026   Code   RO          780    .text.HAL_RCC_GetPCLK1Freq  stm32h5xx_hal_rcc.o
    0x08003afe   0x08003afe   0x00000002   PAD
    0x08003b00   0x08003b00   0x00000026   Code   RO          782    .text.HAL_RCC_GetPCLK2Freq  stm32h5xx_hal_rcc.o
    0x08003b26   0x08003b26   0x00000002   PAD
    0x08003b28   0x08003b28   0x00000026   Code   RO          784    .text.HAL_RCC_GetPCLK3Freq  stm32h5xx_hal_rcc.o
    0x08003b4e   0x08003b4e   0x00000002   PAD
    0x08003b50   0x08003b50   0x000002cc   Code   RO          776    .text.HAL_RCC_GetSysClockFreq  stm32h5xx_hal_rcc.o
    0x08003e1c   0x08003e1c   0x000009fc   Code   RO          770    .text.HAL_RCC_OscConfig  stm32h5xx_hal_rcc.o
    0x08004818   0x08004818   0x0000009a   Code   RO          406    .text.HAL_SYSTICK_CLKSourceConfig  stm32h5xx_hal_cortex.o
    0x080048b2   0x080048b2   0x00000002   PAD
    0x080048b4   0x080048b4   0x0000004a   Code   RO          404    .text.HAL_SYSTICK_Config  stm32h5xx_hal_cortex.o
    0x080048fe   0x080048fe   0x00000002   PAD
    0x08004900   0x08004900   0x00000062   Code   RO          408    .text.HAL_SYSTICK_GetCLKSourceConfig  stm32h5xx_hal_cortex.o
    0x08004962   0x08004962   0x00000002   PAD
    0x08004964   0x08004964   0x0000007c   Code   RO         1464    .text.HAL_UARTEx_DisableFifoMode  stm32h5xx_hal_uart_ex.o
    0x080049e0   0x080049e0   0x0000008c   Code   RO         1468    .text.HAL_UARTEx_SetRxFifoThreshold  stm32h5xx_hal_uart_ex.o
    0x08004a6c   0x08004a6c   0x0000008c   Code   RO         1466    .text.HAL_UARTEx_SetTxFifoThreshold  stm32h5xx_hal_uart_ex.o
    0x08004af8   0x08004af8   0x000000aa   Code   RO         1294    .text.HAL_UART_Init  stm32h5xx_hal_uart.o
    0x08004ba2   0x08004ba2   0x00000002   PAD
    0x08004ba4   0x08004ba4   0x000000a8   Code   RO           68    .text.HAL_UART_MspInit  usart.o
    0x08004c4c   0x08004c4c   0x00000154   Code   RO         1314    .text.HAL_UART_Transmit  stm32h5xx_hal_uart.o
    0x08004da0   0x08004da0   0x00000004   Code   RO           82    .text.HardFault_Handler  stm32h5xx_it.o
    0x08004da4   0x08004da4   0x00000040   Code   RO          461    .text.I2C_Flush_TXDR  stm32h5xx_hal_i2c.o
    0x08004de4   0x08004de4   0x000001fe   Code   RO          597    .text.I2C_IsErrorOccurred  stm32h5xx_hal_i2c.o
    0x08004fe2   0x08004fe2   0x00000002   PAD
    0x08004fe4   0x08004fe4   0x000000be   Code   RO          507    .text.I2C_RequestMemoryRead  stm32h5xx_hal_i2c.o
    0x080050a2   0x080050a2   0x00000002   PAD
    0x080050a4   0x080050a4   0x000000c0   Code   RO          503    .text.I2C_RequestMemoryWrite  stm32h5xx_hal_i2c.o
    0x08005164   0x08005164   0x00000054   Code   RO          449    .text.I2C_TransferConfig  stm32h5xx_hal_i2c.o
    0x080051b8   0x080051b8   0x000000c4   Code   RO          447    .text.I2C_WaitOnFlagUntilTimeout  stm32h5xx_hal_i2c.o
    0x0800527c   0x0800527c   0x000000a2   Code   RO          453    .text.I2C_WaitOnSTOPFlagUntilTimeout  stm32h5xx_hal_i2c.o
    0x0800531e   0x0800531e   0x00000002   PAD
    0x08005320   0x08005320   0x000000ac   Code   RO          451    .text.I2C_WaitOnTXISFlagUntilTimeout  stm32h5xx_hal_i2c.o
    0x080053cc   0x080053cc   0x000000ae   Code   RO           36    .text.MX_GPIO_Init  gpio.o
    0x0800547a   0x0800547a   0x00000002   PAD
    0x0800547c   0x0800547c   0x00000076   Code   RO           44    .text.MX_I2C1_Init  i2c.o
    0x080054f2   0x080054f2   0x00000002   PAD
    0x080054f4   0x080054f4   0x00000022   Code   RO           58    .text.MX_ICACHE_Init  icache.o
    0x08005516   0x08005516   0x00000002   PAD
    0x08005518   0x08005518   0x0000008e   Code   RO           66    .text.MX_USART1_UART_Init  usart.o
    0x080055a6   0x080055a6   0x00000002   PAD
    0x080055a8   0x080055a8   0x00000004   Code   RO           84    .text.MemManage_Handler  stm32h5xx_it.o
    0x080055ac   0x080055ac   0x00000004   Code   RO           80    .text.NMI_Handler   stm32h5xx_it.o
    0x080055b0   0x080055b0   0x0000006c   Code   RO          366    .text.NVIC_EncodePriority  stm32h5xx_hal_cortex.o
    0x0800561c   0x0800561c   0x00000002   Code   RO           94    .text.PendSV_Handler  stm32h5xx_it.o
    0x0800561e   0x0800561e   0x00000002   PAD
    0x08005620   0x08005620   0x0000016c   Code   RO          811    .text.RCCEx_PLL2_Config  stm32h5xx_hal_rcc_ex.o
    0x0800578c   0x0800578c   0x00000002   Code   RO           90    .text.SVC_Handler   stm32h5xx_it.o
    0x0800578e   0x0800578e   0x00000002   PAD
    0x08005790   0x08005790   0x00000008   Code   RO           96    .text.SysTick_Handler  stm32h5xx_it.o
    0x08005798   0x08005798   0x000000c6   Code   RO           15    .text.SystemClock_Config  main.o
    0x0800585e   0x0800585e   0x00000002   PAD
    0x08005860   0x08005860   0x00000116   Code   RO         1487    .text.SystemInit    system_stm32h5xx.o
    0x08005976   0x08005976   0x00000002   PAD
    0x08005978   0x08005978   0x0000008a   Code   RO         1462    .text.UARTEx_SetNbDataToProcess  stm32h5xx_hal_uart_ex.o
    0x08005a02   0x08005a02   0x00000002   PAD
    0x08005a04   0x08005a04   0x00000148   Code   RO         1298    .text.UART_AdvFeatureConfig  stm32h5xx_hal_uart.o
    0x08005b4c   0x08005b4c   0x00000146   Code   RO         1302    .text.UART_CheckIdleState  stm32h5xx_hal_uart.o
    0x08005c92   0x08005c92   0x00000002   PAD
    0x08005c94   0x08005c94   0x0000009e   Code   RO         1354    .text.UART_EndRxTransfer  stm32h5xx_hal_uart.o
    0x08005d32   0x08005d32   0x00000002   PAD
    0x08005d34   0x08005d34   0x000002f0   Code   RO         1300    .text.UART_SetConfig  stm32h5xx_hal_uart.o
    0x08006024   0x08006024   0x0000010c   Code   RO         1316    .text.UART_WaitOnFlagUntilTimeout  stm32h5xx_hal_uart.o
    0x08006130   0x08006130   0x00000004   Code   RO           88    .text.UsageFault_Handler  stm32h5xx_it.o
    0x08006134   0x08006134   0x00000010   Code   RO          362    .text.__NVIC_GetPriorityGrouping  stm32h5xx_hal_cortex.o
    0x08006144   0x08006144   0x00000042   Code   RO          364    .text.__NVIC_SetPriority  stm32h5xx_hal_cortex.o
    0x08006186   0x08006186   0x00000002   PAD
    0x08006188   0x08006188   0x0000003c   Code   RO          358    .text.__NVIC_SetPriorityGrouping  stm32h5xx_hal_cortex.o
    0x080061c4   0x080061c4   0x00000022   Code   RO           11    .text.fputc         main.o
    0x080061e6   0x080061e6   0x00000002   PAD
    0x080061e8   0x080061e8   0x00000090   Code   RO          259    .text.lis2dw12_act_mode_set  lis2dw12_reg.o
    0x08006278   0x08006278   0x0000004a   Code   RO          263    .text.lis2dw12_act_sleep_dur_set  lis2dw12_reg.o
    0x080062c2   0x080062c2   0x00000002   PAD
    0x080062c4   0x080062c4   0x0000001c   Code   RO          155    .text.lis2dw12_all_sources_get  lis2dw12_reg.o
    0x080062e0   0x080062e0   0x0000004c   Code   RO          143    .text.lis2dw12_block_data_update_set  lis2dw12_reg.o
    0x0800632c   0x0800632c   0x0000008c   Code   RO          139    .text.lis2dw12_data_rate_set  lis2dw12_reg.o
    0x080063b8   0x080063b8   0x0000001c   Code   RO          177    .text.lis2dw12_device_id_get  lis2dw12_reg.o
    0x080063d4   0x080063d4   0x00000048   Code   RO          203    .text.lis2dw12_filter_bandwidth_set  lis2dw12_reg.o
    0x0800641c   0x0800641c   0x00000090   Code   RO          199    .text.lis2dw12_filter_path_set  lis2dw12_reg.o
    0x080064ac   0x080064ac   0x0000004c   Code   RO          147    .text.lis2dw12_full_scale_set  lis2dw12_reg.o
    0x080064f8   0x080064f8   0x0000001c   Code   RO          237    .text.lis2dw12_pin_int1_route_get  lis2dw12_reg.o
    0x08006514   0x08006514   0x000000a6   Code   RO          235    .text.lis2dw12_pin_int1_route_set  lis2dw12_reg.o
    0x080065ba   0x080065ba   0x00000002   PAD
    0x080065bc   0x080065bc   0x000000a4   Code   RO          135    .text.lis2dw12_power_mode_set  lis2dw12_reg.o
    0x08006660   0x08006660   0x00000040   Code   RO          113    .text.lis2dw12_read_reg  lis2dw12_reg.o
    0x080066a0   0x080066a0   0x00000028   Code   RO          185    .text.lis2dw12_reset_get  lis2dw12_reg.o
    0x080066c8   0x080066c8   0x0000004c   Code   RO          183    .text.lis2dw12_reset_set  lis2dw12_reg.o
    0x08006714   0x08006714   0x0000004c   Code   RO          251    .text.lis2dw12_wkup_dur_set  lis2dw12_reg.o
    0x08006760   0x08006760   0x0000004c   Code   RO          255    .text.lis2dw12_wkup_feed_data_set  lis2dw12_reg.o
    0x080067ac   0x080067ac   0x0000004a   Code   RO          247    .text.lis2dw12_wkup_threshold_set  lis2dw12_reg.o
    0x080067f6   0x080067f6   0x00000002   PAD
    0x080067f8   0x080067f8   0x00000040   Code   RO          115    .text.lis2dw12_write_reg  lis2dw12_reg.o
    0x08006838   0x08006838   0x0000018e   Code   RO           13    .text.main          main.o
    0x080069c6   0x080069c6   0x00000002   PAD
    0x080069c8   0x080069c8   0x00000010   Code   RO           21    .text.platform_delay  main.o
    0x080069d8   0x080069d8   0x0000003a   Code   RO           19    .text.platform_read  main.o
    0x08006a12   0x08006a12   0x00000002   PAD
    0x08006a14   0x08006a14   0x0000003a   Code   RO           17    .text.platform_write  main.o
    0x08006a4e   0x08006a4e   0x00000002   PAD
    0x08006a50   0x08006a50   0x00000020   Code   RO         1508    i.__0printf         mc_w.l(printfa.o)
    0x08006a70   0x08006a70   0x0000000e   Code   RO         1584    i.__scatterload_copy  mc_w.l(handlers.o)
    0x08006a7e   0x08006a7e   0x00000002   Code   RO         1585    i.__scatterload_null  mc_w.l(handlers.o)
    0x08006a80   0x08006a80   0x0000000e   Code   RO         1586    i.__scatterload_zeroinit  mc_w.l(handlers.o)
    0x08006a8e   0x08006a8e   0x00000002   PAD
    0x08006a90   0x08006a90   0x00000184   Code   RO         1515    i._fp_digits        mc_w.l(printfa.o)
    0x08006c14   0x08006c14   0x000006dc   Code   RO         1516    i._printf_core      mc_w.l(printfa.o)
    0x080072f0   0x080072f0   0x00000024   Code   RO         1517    i._printf_post_padding  mc_w.l(printfa.o)
    0x08007314   0x08007314   0x0000002e   Code   RO         1518    i._printf_pre_padding  mc_w.l(printfa.o)
    0x08007342   0x08007342   0x00000010   Data   RO         1492    .rodata.AHBPrescTable  system_stm32h5xx.o
    0x08007352   0x08007352   0x00000008   Data   RO         1493    .rodata.APBPrescTable  system_stm32h5xx.o
    0x0800735a   0x0800735a   0x00000008   Data   RO         1479    .rodata.UARTEx_SetNbDataToProcess.denominator  stm32h5xx_hal_uart_ex.o
    0x08007362   0x08007362   0x00000008   Data   RO         1478    .rodata.UARTEx_SetNbDataToProcess.numerator  stm32h5xx_hal_uart_ex.o
    0x0800736a   0x0800736a   0x00000018   Data   RO         1434    .rodata.UARTPrescTable  stm32h5xx_hal_uart.o
    0x08007382   0x08007382   0x00000047   Data   RO           26    .rodata.str1.1      main.o
    0x080073c9   0x080073c9   0x00000003   PAD
    0x080073cc   0x080073cc   0x00000020   Data   RO         1583    Region$$Table       anon$$obj.o


    Execution Region RW_IRAM1 (Exec base: 0x20000000, Load base: 0x080073f0, Size: 0x00004108, Max: 0x00008000, ABSOLUTE)

    Exec Addr    Load Addr    Size         Type   Attr      Idx    E Section Name        Object

    0x20000000   0x080073f0   0x00000004   Data   RW         1549    .data               mc_w.l(stdout.o)
    0x20000004   0x080073f4   0x00000004   Data   RW         1491    .data.SystemCoreClock  system_stm32h5xx.o
    0x20000008   0x080073f8   0x00000001   Data   RW         1217    .data.uwTickFreq    stm32h5xx_hal.o
    0x20000009   0x080073f9   0x00000003   PAD
    0x2000000c   0x080073fc   0x00000004   Data   RW         1216    .data.uwTickPrio    stm32h5xx_hal.o
    0x20000010        -       0x00000054   Zero   RW           50    .bss.hi2c1          i2c.o
    0x20000064        -       0x00000094   Zero   RW           72    .bss.huart1         usart.o
    0x200000f8        -       0x00000001   Zero   RW           27    .bss.rst            main.o
    0x200000f9   0x08007400   0x00000003   PAD
    0x200000fc        -       0x00000004   Zero   RW         1218    .bss.uwTick         stm32h5xx_hal.o
    0x20000100        -       0x00000001   Zero   RW           25    .bss.whoamI         main.o
    0x20000101   0x08007400   0x00000007   PAD
    0x20000108        -       0x00004000   Zero   RW            1    STACK               startup_stm32h503xx.o


==============================================================================

Image component sizes


      Code (inc. data)   RO Data    RW Data    ZI Data      Debug   Object Name

       174          0          0          0          0       2912   gpio.o
       288          0          0          0         84       7873   i2c.o
        34          0          0          0          0        594   icache.o
      1610          0          0          0          0      33349   lis2dw12_reg.o
       768          0         71          0          2      11799   main.o
        40         10        600          0      16384        896   startup_stm32h503xx.o
       474          0          0          5          4      11359   stm32h5xx_hal.o
       638          6          0          0          0      12386   stm32h5xx_hal_cortex.o
       790          0          0          0          0       5094   stm32h5xx_hal_gpio.o
      3124          0          0          0          0      38342   stm32h5xx_hal_i2c.o
       314          0          0          0          0       5531   stm32h5xx_hal_i2c_ex.o
        84          0          0          0          0       3366   stm32h5xx_hal_icache.o
         2          0          0          0          0        395   stm32h5xx_hal_msp.o
      4610         16          0          0          0      12199   stm32h5xx_hal_rcc.o
      8678        152          0          0          0      17274   stm32h5xx_hal_rcc_ex.o
      2342          0         24          0          0      26471   stm32h5xx_hal_uart.o
       542          0         16          0          0       9327   stm32h5xx_hal_uart_ex.o
        34          0          0          0          0       1031   stm32h5xx_it.o
       278          0         24          4          0       5278   system_stm32h5xx.o
       310          0          0          0        148       8028   usart.o

    ----------------------------------------------------------------------
     25216        184        770         12      16632     213504   Object Totals
         0          0         32          0          0          0   (incl. Generated)
        82          0          3          3         10          0   (incl. Padding)

    ----------------------------------------------------------------------

      Code (inc. data)   RO Data    RW Data    ZI Data      Debug   Library Member Name

         0          0          0          0          0          0   entry.o
         0          0          0          0          0          0   entry10a.o
         0          0          0          0          0          0   entry11a.o
         8          4          0          0          0          0   entry2.o
         4          0          0          0          0          0   entry5.o
         0          0          0          0          0          0   entry7b.o
         0          0          0          0          0          0   entry8b.o
         8          4          0          0          0          0   entry9a.o
        30          0          0          0          0          0   handlers.o
        36          8          0          0          0         68   init.o
         0          0          0          0          0          0   iusefp.o
        30          0          0          0          0         68   llshl.o
        36          0          0          0          0         68   llsshr.o
        32          0          0          0          0         68   llushr.o
        36          0          0          0          0        108   memseta.o
      2258         90          0          0          0        452   printfa.o
         0          0          0          4          0          0   stdout.o
        44          0          0          0          0         80   uidiv.o
        98          0          0          0          0         92   uldiv.o
        48          0          0          0          0         68   cdrcmple.o
       334          0          0          0          0        148   dadd.o
       222          0          0          0          0        100   ddiv.o
       186          0          0          0          0        176   depilogue.o
        48          0          0          0          0         68   dfixul.o
       228          0          0          0          0         96   dmul.o

    ----------------------------------------------------------------------
      3690        106          0          4          0       1660   Library Totals
         4          0          0          0          0          0   (incl. Padding)

    ----------------------------------------------------------------------

      Code (inc. data)   RO Data    RW Data    ZI Data      Debug   Library Name

      2620        106          0          4          0       1004   mc_w.l
      1066          0          0          0          0        656   mf_w.l

    ----------------------------------------------------------------------
      3690        106          0          4          0       1660   Library Totals

    ----------------------------------------------------------------------

==============================================================================


      Code (inc. data)   RO Data    RW Data    ZI Data      Debug   

     28906        290        770         16      16632     214176   Grand Totals
     28906        290        770         16      16632     214176   ELF Image Totals
     28906        290        770         16          0          0   ROM Totals

==============================================================================

    Total RO  Size (Code + RO Data)                29676 (  28.98kB)
    Total RW  Size (RW Data + ZI Data)             16648 (  16.26kB)
    Total ROM Size (Code + RO Data + RW Data)      29692 (  29.00kB)

==============================================================================

